Archive member included because of file (symbol)

C:\Users\admin\SimplicityStudio\v4_workspace\soc-thunderboard-sense\protocol\bluetooth_2.6\lib\EFR32MG1P\GCC\bgapi.a(gecko_bgapi_hardware.c.obj)
                              ./radio_ble.o (gecko_bgapi_class_hardware_init)
C:\Users\admin\SimplicityStudio\v4_workspace\soc-thunderboard-sense\protocol\bluetooth_2.6\lib\EFR32MG1P\GCC\bgapi.a(gecko_bgapi_test.c.obj)
                              ./radio_ble.o (gecko_bgapi_class_test_init)
C:\Users\admin\SimplicityStudio\v4_workspace\soc-thunderboard-sense\protocol\bluetooth_2.6\lib\EFR32MG1P\GCC\bgapi.a(gecko_bgapi_dfu.c.obj)
                              ./radio_ble.o (gecko_bgapi_class_dfu_init)
C:\Users\admin\SimplicityStudio\v4_workspace\soc-thunderboard-sense\protocol\bluetooth_2.6\lib\EFR32MG1P\GCC\bgapi.a(gecko_bgapi_gap.c.obj)
                              ./radio_ble.o (gecko_bgapi_class_le_gap_init)
C:\Users\admin\SimplicityStudio\v4_workspace\soc-thunderboard-sense\protocol\bluetooth_2.6\lib\EFR32MG1P\GCC\bgapi.a(gecko_bgapi_gatt.c.obj)
                              ./radio_ble.o (gecko_bgapi_class_gatt_init)
C:\Users\admin\SimplicityStudio\v4_workspace\soc-thunderboard-sense\protocol\bluetooth_2.6\lib\EFR32MG1P\GCC\bgapi.a(gecko_bgapi_gatt_server.c.obj)
                              ./radio_ble.o (gecko_bgapi_class_gatt_server_init)
C:\Users\admin\SimplicityStudio\v4_workspace\soc-thunderboard-sense\protocol\bluetooth_2.6\lib\EFR32MG1P\GCC\bgapi.a(gecko_bgapi_flash.c.obj)
                              ./radio_ble.o (gecko_bgapi_class_flash_init)
C:\Users\admin\SimplicityStudio\v4_workspace\soc-thunderboard-sense\protocol\bluetooth_2.6\lib\EFR32MG1P\GCC\bgapi.a(gecko_bgapi_sm.c.obj)
                              ./radio_ble.o (gecko_bgapi_class_sm_init)
C:\Users\admin\SimplicityStudio\v4_workspace\soc-thunderboard-sense\protocol\bluetooth_2.6\lib\EFR32MG1P\GCC\bgapi.a(gecko_bgapi_system.c.obj)
                              ./radio_ble.o (gecko_bgapi_class_system_init)
C:\Users\admin\SimplicityStudio\v4_workspace\soc-thunderboard-sense\protocol\bluetooth_2.6\lib\EFR32MG1P\GCC\bgapi.a(gecko_bgapi_endpoint.c.obj)
                              ./radio_ble.o (gecko_bgapi_class_endpoint_init)
C:\Users\admin\SimplicityStudio\v4_workspace\soc-thunderboard-sense\protocol\bluetooth_2.6\lib\EFR32MG1P\GCC\bgapi.a(gecko_bgapi_le_connection.c.obj)
                              ./radio_ble.o (gecko_bgapi_class_le_connection_init)
C:\Users\admin\SimplicityStudio\v4_workspace\soc-thunderboard-sense\protocol\bluetooth_2.6\lib\EFR32MG1P\GCC\bgapi.a(bgapi_hardware.c.obj)
                              C:\Users\admin\SimplicityStudio\v4_workspace\soc-thunderboard-sense\protocol\bluetooth_2.6\lib\EFR32MG1P\GCC\bgapi.a(gecko_bgapi_hardware.c.obj) (lib_hardware_handler_init)
C:\Users\admin\SimplicityStudio\v4_workspace\soc-thunderboard-sense\protocol\bluetooth_2.6\lib\EFR32MG1P\GCC\bgapi.a(bgapi_test_lib.c.obj)
                              C:\Users\admin\SimplicityStudio\v4_workspace\soc-thunderboard-sense\protocol\bluetooth_2.6\lib\EFR32MG1P\GCC\bgapi.a(gecko_bgapi_test.c.obj) (lib_test_handler_init)
C:\Users\admin\SimplicityStudio\v4_workspace\soc-thunderboard-sense\protocol\bluetooth_2.6\lib\EFR32MG1P\GCC\bgapi.a(bgapi_dfu.c.obj)
                              C:\Users\admin\SimplicityStudio\v4_workspace\soc-thunderboard-sense\protocol\bluetooth_2.6\lib\EFR32MG1P\GCC\bgapi.a(gecko_bgapi_dfu.c.obj) (lib_dfu_handler_init)
C:\Users\admin\SimplicityStudio\v4_workspace\soc-thunderboard-sense\protocol\bluetooth_2.6\lib\EFR32MG1P\GCC\bgapi.a(bgapi_gap.c.obj)
                              C:\Users\admin\SimplicityStudio\v4_workspace\soc-thunderboard-sense\protocol\bluetooth_2.6\lib\EFR32MG1P\GCC\bgapi.a(gecko_bgapi_gap.c.obj) (lib_le_gap_handler_init)
C:\Users\admin\SimplicityStudio\v4_workspace\soc-thunderboard-sense\protocol\bluetooth_2.6\lib\EFR32MG1P\GCC\bgapi.a(bgapi_gatt_lib.c.obj)
                              C:\Users\admin\SimplicityStudio\v4_workspace\soc-thunderboard-sense\protocol\bluetooth_2.6\lib\EFR32MG1P\GCC\bgapi.a(gecko_bgapi_gatt.c.obj) (lib_gatt_handler_init)
C:\Users\admin\SimplicityStudio\v4_workspace\soc-thunderboard-sense\protocol\bluetooth_2.6\lib\EFR32MG1P\GCC\bgapi.a(bgapi_ps.c.obj)
                              C:\Users\admin\SimplicityStudio\v4_workspace\soc-thunderboard-sense\protocol\bluetooth_2.6\lib\EFR32MG1P\GCC\bgapi.a(gecko_bgapi_flash.c.obj) (lib_flash_handler_init)
C:\Users\admin\SimplicityStudio\v4_workspace\soc-thunderboard-sense\protocol\bluetooth_2.6\lib\EFR32MG1P\GCC\bgapi.a(bgapi_sm.c.obj)
                              C:\Users\admin\SimplicityStudio\v4_workspace\soc-thunderboard-sense\protocol\bluetooth_2.6\lib\EFR32MG1P\GCC\bgapi.a(gecko_bgapi_sm.c.obj) (lib_sm_handler_init)
C:\Users\admin\SimplicityStudio\v4_workspace\soc-thunderboard-sense\protocol\bluetooth_2.6\lib\EFR32MG1P\GCC\bgapi.a(bgapi_system.c.obj)
[...]
Memory Configuration

Name             Origin             Length             Attributes
FLASH_BOOTLOADER 0x00000000         0x00004000         xr
FLASH            0x00004000         0x0003b000         xr
RAM              0x20003000         0x00004bfc         xrw
*default*        0x00000000         0xffffffff

Linker script and memory map

LOAD c:/siliconlabs/simplicitystudio/v4/developer/toolchains/gnu_arm/4.9_2015q3/bin/../lib/gcc/arm-none-eabi/4.9.3/armv7e-m/fpu/crti.o
LOAD c:/siliconlabs/simplicitystudio/v4/developer/toolchains/gnu_arm/4.9_2015q3/bin/../lib/gcc/arm-none-eabi/4.9.3/armv7e-m/fpu/crtbegin.o
LOAD c:/siliconlabs/simplicitystudio/v4/developer/toolchains/gnu_arm/4.9_2015q3/bin/../lib/gcc/arm-none-eabi/4.9.3/../../../../arm-none-eabi/lib/armv7e-m/fpu/crt0.o
LOAD ./advertisement-callback.o
LOAD ./aio.o
LOAD ./app.o
LOAD ./app_ble.o
LOAD ./app_ble_adv.o
LOAD ./app_callback.o
LOAD ./application_properties.o
LOAD ./batt.o
LOAD ./connection-callback.o
LOAD ./connection.o
LOAD ./es.o
LOAD ./gatt_db.o
LOAD ./iaq.o
LOAD ./imus.o
LOAD ./main.o
LOAD ./power.o
LOAD ./pti.o
LOAD ./radio_ble.o
LOAD ./ui.o
LOAD ./hardware/kit/common/bsp/bsp_stk.o
LOAD ./hardware/kit/common/bsp/thunderboard/bap.o
LOAD ./hardware/kit/common/bsp/thunderboard/board_4160.o
LOAD ./hardware/kit/common/bsp/thunderboard/ccs811.o
LOAD ./hardware/kit/common/bsp/thunderboard/icm20648.o
LOAD ./hardware/kit/common/bsp/thunderboard/mic.o
LOAD ./hardware/kit/common/bsp/thunderboard/si1133.o
LOAD ./hardware/kit/common/bsp/thunderboard/si7021.o
LOAD ./hardware/kit/common/bsp/thunderboard/util.o
LOAD ./hardware/kit/common/bsp/thunderboard/util_supply.o
LOAD ./hardware/kit/common/bsp/thunderboard/bosch/BMP280_driver/bmp280.o
LOAD ./hardware/kit/common/bsp/thunderboard/imu/imu.o
LOAD ./hardware/kit/common/bsp/thunderboard/imu/imu_dcm.o
LOAD ./hardware/kit/common/bsp/thunderboard/imu/imu_fuse.o
LOAD ./hardware/kit/common/bsp/thunderboard/imu/imu_math.o
LOAD ./hardware/kit/common/bsp/thunderboard/rfs/rfs.o
LOAD ./hardware/kit/common/drivers/i2cspm.o
LOAD ./hardware/kit/common/drivers/retargetio.o
LOAD ./hardware/kit/common/drivers/retargetserial.o
LOAD ./platform/Device/SiliconLabs/EFR32MG1P/Source/GCC/startup_efr32mg1p.o
LOAD ./platform/emdrv/dmadrv/src/dmadrv.o
LOAD ./platform/emdrv/gpiointerrupt/src/gpiointerrupt.o
LOAD ./platform/emlib/src/em_adc.o
LOAD ./platform/emlib/src/em_cmu.o
LOAD ./platform/emlib/src/em_cryotimer.o
LOAD ./platform/emlib/src/em_gpio.o
LOAD ./platform/emlib/src/em_i2c.o
LOAD ./platform/emlib/src/em_ldma.o
LOAD ./platform/emlib/src/em_letimer.o
LOAD ./platform/emlib/src/em_leuart.o
LOAD ./platform/emlib/src/em_msc.o
LOAD ./platform/emlib/src/em_prs.o
LOAD ./platform/emlib/src/em_rtcc.o
LOAD ./platform/emlib/src/em_system.o
LOAD ./platform/emlib/src/em_timer.o
LOAD ./platform/emlib/src/em_usart.o
LOAD C:\Users\admin\SimplicityStudio\v4_workspace\soc-thunderboard-sense\protocol\bluetooth_2.6\lib\EFR32MG1P\EABI\binstack.o
LOAD C:\Users\admin\SimplicityStudio\v4_workspace\soc-thunderboard-sense\protocol\bluetooth_2.6\lib\EFR32MG1P\EABI\stack.a
LOAD C:\Users\admin\SimplicityStudio\v4_workspace\soc-thunderboard-sense\protocol\bluetooth_2.6\lib\EFR32MG1P\EABI\binbootloader.o
LOAD C:\Users\admin\SimplicityStudio\v4_workspace\soc-thunderboard-sense\protocol\bluetooth_2.6\lib\EFR32MG1P\GCC\bgapi.a
LOAD c:/siliconlabs/simplicitystudio/v4/developer/toolchains/gnu_arm/4.9_2015q3/bin/../lib/gcc/arm-none-eabi/4.9.3/../../../../arm-none-eabi/lib/armv7e-m/fpu\libm.a
START GROUP
LOAD c:/siliconlabs/simplicitystudio/v4/developer/toolchains/gnu_arm/4.9_2015q3/bin/../lib/gcc/arm-none-eabi/4.9.3/armv7e-m/fpu\libgcc.a
LOAD c:/siliconlabs/simplicitystudio/v4/developer/toolchains/gnu_arm/4.9_2015q3/bin/../lib/gcc/arm-none-eabi/4.9.3/../../../../arm-none-eabi/lib/armv7e-m/fpu\libc.a
LOAD c:/siliconlabs/simplicitystudio/v4/developer/toolchains/gnu_arm/4.9_2015q3/bin/../lib/gcc/arm-none-eabi/4.9.3/../../../../arm-none-eabi/lib/armv7e-m/fpu\libnosys.a
END GROUP
START GROUP
LOAD c:/siliconlabs/simplicitystudio/v4/developer/toolchains/gnu_arm/4.9_2015q3/bin/../lib/gcc/arm-none-eabi/4.9.3/armv7e-m/fpu\libgcc.a
LOAD c:/siliconlabs/simplicitystudio/v4/developer/toolchains/gnu_arm/4.9_2015q3/bin/../lib/gcc/arm-none-eabi/4.9.3/../../../../arm-none-eabi/lib/armv7e-m/fpu\libg.a
LOAD c:/siliconlabs/simplicitystudio/v4/developer/toolchains/gnu_arm/4.9_2015q3/bin/../lib/gcc/arm-none-eabi/4.9.3/../../../../arm-none-eabi/lib/armv7e-m/fpu\libc.a
END GROUP
LOAD c:/siliconlabs/simplicitystudio/v4/developer/toolchains/gnu_arm/4.9_2015q3/bin/../lib/gcc/arm-none-eabi/4.9.3/armv7e-m/fpu/crtend.o
LOAD c:/siliconlabs/simplicitystudio/v4/developer/toolchains/gnu_arm/4.9_2015q3/bin/../lib/gcc/arm-none-eabi/4.9.3/armv7e-m/fpu/crtn.o

.text_bootloader
                0x00000000     0x4000
 *(.binbootloader*)
 .binbootloader
                0x00000000      0x31c C:\Users\admin\SimplicityStudio\v4_workspace\soc-thunderboard-sense\protocol\bluetooth_2.6\lib\EFR32MG1P\EABI\binbootloader.o
                0x00004000                . = ALIGN (0x4000)
 *fill*         0x0000031c     0x3ce4 

.text_stack_bin
                0x00004000    0x1d681
 *(.binstack*)
 .binstack      0x00004000    0x1d681 C:\Users\admin\SimplicityStudio\v4_workspace\soc-thunderboard-sense\protocol\bluetooth_2.6\lib\EFR32MG1P\EABI\binstack.o

.text_signature
                0x00021681      0x17f
                0x000216c1                . = (. + 0x40)
 *fill*         0x00021681       0x40 
                0x00021800                . = ALIGN (0x800)
 *fill*         0x000216c1      0x13f 
                0x00021800                __text_start__ = .

.text_app       0x00021800    0x13994
 *(.AAT)
 .AAT           0x00021800       0x80 ./main.o
                0x00021800                AppAddressTable
 *(.vectors)
 .vectors       0x00021880       0xc8 ./platform/Device/SiliconLabs/EFR32MG1P/Source/GCC/startup_efr32mg1p.o
                0x00021880                __Vectors
                0x00021948                __Vectors_End = .
                0x000000c8                __Vectors_Size = (__Vectors_End - __Vectors)
                0x00021948                __end__ = .
 *(.gecko_configuration)
 *(.xo_configuration)
 *(.gatt_header)
 .gatt_header   0x00021948       0x34 ./gatt_db.o
                0x00021948                bg_gattdb_data
 *(.gatt_data)
 .gatt_data     0x0002197c      0x8ea ./gatt_db.o
                0x0002197c                bg_gattdb_data_adv_uuid128_map
                0x00021980                bg_gattdb_data_adv_uuid16_map
                0x00021984                bg_gattdb_data_attributes_dynamic_mapping_map
                0x000219bc                bg_gattdb_data_attributes_map
                0x00021db8                bg_gattdb_data_attribute_field_0
                0x00021dbc                bg_gattdb_data_attribute_field_1
                0x00021dc4                bg_gattdb_data_attribute_field_2
                0x00021dcc                bg_gattdb_data_attribute_field_3
                0x00021dd4                bg_gattdb_data_attribute_field_4
                0x00021dd8                bg_gattdb_data_attribute_field_5
                0x00021ddc                bg_gattdb_data_attribute_field_6
                0x00021de4                bg_gattdb_data_attribute_field_7
                0x00021dec                bg_gattdb_data_attribute_field_9
                0x00021df0                bg_gattdb_data_attribute_field_10
                0x00021df8                bg_gattdb_data_attribute_field_11
                0x00021e10                bg_gattdb_data_attribute_field_12
                0x00021e18                bg_gattdb_data_attribute_field_13
                0x00021e24                bg_gattdb_data_attribute_field_14
                0x00021e2c                bg_gattdb_data_attribute_field_15
                0x00021e34                bg_gattdb_data_attribute_field_16
                0x00021e3c                bg_gattdb_data_attribute_field_17
                0x00021e44                bg_gattdb_data_attribute_field_18
                0x00021e4c                bg_gattdb_data_attribute_field_19
                0x00021e54                bg_gattdb_data_attribute_field_20
                0x00021e5c                bg_gattdb_data_attribute_field_21
                0x00021e64                bg_gattdb_data_attribute_field_22
                0x00021e68                bg_gattdb_data_attribute_field_23
                0x00021e70                bg_gattdb_data_attribute_field_24
                0x00021e78                bg_gattdb_data_attribute_field_26
                0x00021e7c                bg_gattdb_data_attribute_field_27
                0x00021e84                bg_gattdb_data_attribute_field_28
                0x00021e8c                bg_gattdb_data_attribute_field_29
                0x00021e94                bg_gattdb_data_attribute_field_30
                0x00021e9c                bg_gattdb_data_attribute_field_31
                0x00021ea4                bg_gattdb_data_attribute_field_32
                0x00021eac                bg_gattdb_data_attribute_field_33
                0x00021eb4                bg_gattdb_data_attribute_field_34
                0x00021ebc                bg_gattdb_data_attribute_field_35
                0x00021ed4                bg_gattdb_data_attribute_field_36
                0x00021edc                bg_gattdb_data_attribute_field_37
                0x00021ef4                bg_gattdb_data_attribute_field_38
                0x00021efc                bg_gattdb_data_attribute_field_39
                0x00021f14                bg_gattdb_data_attribute_field_40
                0x00021f1c                bg_gattdb_data_attribute_field_42
                0x00021f30                bg_gattdb_data_attribute_field_43
                0x00021f48                bg_gattdb_data_attribute_field_44
                0x00021f50                bg_gattdb_data_attribute_field_45
                0x00021f64                bg_gattdb_data_attribute_field_46
                0x00021f7c                bg_gattdb_data_attribute_field_47
                0x00021f84                bg_gattdb_data_attribute_field_48
                0x00021f9c                bg_gattdb_data_attribute_field_49
                0x00021fa4                bg_gattdb_data_attribute_field_50
                0x00021fbc                bg_gattdb_data_attribute_field_51
                0x00021fc4                bg_gattdb_data_attribute_field_53
                0x00021fd8                bg_gattdb_data_attribute_field_54
                0x00021ff0                bg_gattdb_data_attribute_field_55
                0x00021ff8                bg_gattdb_data_attribute_field_56
                0x00022010                bg_gattdb_data_attribute_field_57
                0x00022018                bg_gattdb_data_attribute_field_59
                0x00022030                bg_gattdb_data_attribute_field_60
                0x00022038                bg_gattdb_data_attribute_field_62
                0x00022050                bg_gattdb_data_attribute_field_63
                0x00022058                bg_gattdb_data_attribute_field_65
                0x0002205c                bg_gattdb_data_attribute_field_66
                0x00022064                bg_gattdb_data_attribute_field_67
                0x0002206c                bg_gattdb_data_attribute_field_69
                0x00022078                bg_gattdb_data_attribute_field_70
                0x0002207c                bg_gattdb_data_attribute_field_71
                0x00022084                bg_gattdb_data_attribute_field_72
                0x0002208c                bg_gattdb_data_attribute_field_73
                0x00022098                bg_gattdb_data_attribute_field_74
                0x0002209c                bg_gattdb_data_attribute_field_75
                0x000220b0                bg_gattdb_data_attribute_field_76
                0x000220c8                bg_gattdb_data_attribute_field_77
                0x000220d0                bg_gattdb_data_attribute_field_79
                0x000220e8                bg_gattdb_data_attribute_field_80
                0x000220f0                bg_gattdb_data_attribute_field_82
                0x00022108                bg_gattdb_data_attribute_field_83
                0x00022110                bg_gattdb_data_uuidtable_128_map
                0x00022230                bg_gattdb_data_uuidtable_16_map
 *(.application_properties)
 *fill*         0x00022266        0x2 
 .application_properties
                0x00022268       0x38 ./application_properties.o
                0x00022268                applicationProperties
 *(.text*)
 .text          0x000222a0       0x5c c:/siliconlabs/simplicitystudio/v4/developer/toolchains/gnu_arm/4.9_2015q3/bin/../lib/gcc/arm-none-eabi/4.9.3/armv7e-m/fpu/crtbegin.o
 .text          0x000222fc       0x74 c:/siliconlabs/simplicitystudio/v4/developer/toolchains/gnu_arm/4.9_2015q3/bin/../lib/gcc/arm-none-eabi/4.9.3/../../../../arm-none-eabi/lib/armv7e-m/fpu/crt0.o
                0x000222fc                _start
                0x000222fc                _mainCRTStartup
 .text.advertisingStartedCallback
                0x00022370        0xc ./advertisement-callback.o
                0x00022370                advertisingStartedCallback
 .text.aioDeviceDigitalInRead
                0x0002237c       0x30 ./aio.o
 .text.aioDigitalInCharStatusChange
                0x000223ac       0x24 ./aio.o
                0x000223ac                aioDigitalInCharStatusChange
 .text.aioDigitalOutWrite
                0x000223d0       0x78 ./aio.o
                0x000223d0                aioDigitalOutWrite
 .text.aioDigitalOutRead
                0x00022448       0x58 ./aio.o
                0x00022448                aioDigitalOutRead
 .text.aioDigitalInUpdate
                0x000224a0       0x50 ./aio.o
                0x000224a0                aioDigitalInUpdate
 .text.aioDigitalInRead
                0x000224f0       0x48 ./aio.o
                0x000224f0                aioDigitalInRead
 .text.aioLEDWasDisabled
                0x00022538        0xc ./aio.o
                0x00022538                aioLEDWasDisabled
 .text.appInit  0x00022544       0xa8 ./app.o
                0x00022544                appInit
 .text.appServiceStart
                0x000225ec        0x4 ./app.o
                0x000225ec                appServiceStart
 .text.appServiceStop
                0x000225f0        0x4 ./app.o
                0x000225f0                appServiceStop
 .text.appHandleEvents
                0x000225f4      0x2ec ./app.o
                0x000225f4                appHandleEvents
 .text.bleDeviceNameRead
                0x000228e0       0x6c ./app_ble.o
 .text.appBleInit
                0x0002294c      0x248 ./app_ble.o
                0x0002294c                appBleInit
 .text.appCfgConnectionClosedEvent
                0x00022b94       0x18 ./app_ble.o
                0x00022b94                appCfgConnectionClosedEvent
 .text.appCfgResetEvent
                0x00022bac       0x1c ./app_ble.o
                0x00022bac                appCfgResetEvent
 .text.appCfgConnectionOpenedEvent
                0x00022bc8        0x4 ./app_ble.o
                0x00022bc8                appCfgConnectionOpenedEvent
 .text.appCfgGattProcCompEvent
                0x00022bcc        0x4 ./app_ble.o
                0x00022bcc                appCfgGattProcCompEvent
 .text.appCfgGattBondedEvent
                0x00022bd0        0x4 ./app_ble.o
                0x00022bd0                appCfgGattBondedEvent
 .text.appCfgServiceFoundEvent
                0x00022bd4        0x4 ./app_ble.o
                0x00022bd4                appCfgServiceFoundEvent
 .text.appCfgChrFoundEvent
                0x00022bd8        0x4 ./app_ble.o
                0x00022bd8                appCfgChrFoundEvent
 .text.appCfgChrValueReceivedEvent
                0x00022bdc        0x4 ./app_ble.o
                0x00022bdc                appCfgChrValueReceivedEvent
 .text.appCfgScanResponse
                0x00022be0        0x4 ./app_ble.o
                0x00022be0                appCfgScanResponse
 .text.appBleAdvSetDevName
                0x00022be4       0x2c ./app_ble_adv.o
                0x00022be4                appBleAdvSetDevName
 .text.appBleDataConfig.part.1
                0x00022c10       0xb0 ./app_ble_adv.o
 .text.appBleAdvInit
                0x00022cc0       0x70 ./app_ble_adv.o
                0x00022cc0                appBleAdvInit
 .text.advInit  0x00022d30       0x4c ./app_ble_adv.o
                0x00022d30                advInit
 .text.appBleAdvSetId
                0x00022d7c       0x14 ./app_ble_adv.o
                0x00022d7c                appBleAdvSetId
 .text.appBleAdvStart
                0x00022d90       0x50 ./app_ble_adv.o
                0x00022d90                appBleAdvStart
 .text.appBleAdvStop
                0x00022de0       0x48 ./app_ble_adv.o
                0x00022de0                appBleAdvStop
 .text.appBleAdvEventHandler
                0x00022e28       0xc0 ./app_ble_adv.o
                0x00022e28                appBleAdvEventHandler
 .text.appBleAdvIsActive
                0x00022ee8        0xc ./app_ble_adv.o
                0x00022ee8                appBleAdvIsActive
 .text.resetEventCallback
                0x00022ef4        0xc ./app_callback.o
                0x00022ef4                resetEventCallback
 .text.appHwReadBatteryLevel
                0x00022f00       0xa4 ./batt.o
 .text.battInit
                0x00022fa4       0x28 ./batt.o
                0x00022fa4                battInit
 .text.battMeasure
                0x00022fcc       0x44 ./batt.o
                0x00022fcc                battMeasure
 .text.battCharStatusChange
                0x00023010       0x50 ./batt.o
                0x00023010                battCharStatusChange
 .text.battRead
                0x00023060       0x50 ./batt.o
                0x00023060                battRead
 .text.connectionOpenedEventCallback
                0x000230b0       0x18 ./connection-callback.o
                0x000230b0                connectionOpenedEventCallback
 .text.connectionTerminatedEventCallback
                0x000230c8       0x18 ./connection-callback.o
                0x000230c8                connectionTerminatedEventCallback
 .text.conConnectionInit
                0x000230e0       0x1c ./connection.o
                0x000230e0                conConnectionInit
 .text.conConnectionStarted
                0x000230fc        0xc ./connection.o
                0x000230fc                conConnectionStarted
 .text.conConnectionClosed
                0x00023108       0x10 ./connection.o
                0x00023108                conConnectionClosed
 .text.conGetConnectionId
                0x00023118        0xc ./connection.o
                0x00023118                conGetConnectionId
 .text.esReadUVIndex
                0x00023124       0x4c ./es.o
                0x00023124                esReadUVIndex
 .text.esReadPressure
                0x00023170       0x74 ./es.o
                0x00023170                esReadPressure
 .text.esReadTemperature
                0x000231e4       0x8c ./es.o
                0x000231e4                esReadTemperature
 .text.esReadHumidity
                0x00023270       0x84 ./es.o
                0x00023270                esReadHumidity
 .text.esReadAmbientLight
                0x000232f4       0x6c ./es.o
                0x000232f4                esReadAmbientLight
 .text.esReadSoundLevel
                0x00023360       0x88 ./es.o
                0x00023360                esReadSoundLevel
 .text.esControlPointChange
                0x000233e8       0x10 ./es.o
                0x000233e8                esControlPointChange
 .text.esControlPointWrite
                0x000233f8       0x50 ./es.o
                0x000233f8                esControlPointWrite
 .text.iaqReadECO2
                0x00023448       0x5c ./iaq.o
                0x00023448                iaqReadECO2
 .text.iaqReadTVOC
                0x000234a4       0x5c ./iaq.o
                0x000234a4                iaqReadTVOC
 .text.iaqControlPointChange
                0x00023500       0x38 ./iaq.o
                0x00023500                iaqControlPointChange
 .text.iaqControlPointWrite
                0x00023538       0x50 ./iaq.o
                0x00023538                iaqControlPointWrite
 .text.handleDeviceInitDeinit
                0x00023588       0x44 ./imus.o
 .text.imuSendCalibrateDone
                0x000235cc       0x4c ./imus.o
 .text.imuServiceStart
                0x00023618        0x4 ./imus.o
                0x00023618                imuServiceStart
 .text.imuIsAccelerationNotification
                0x0002361c        0xc ./imus.o
                0x0002361c                imuIsAccelerationNotification
 .text.imuIsOrientationNotification
                0x00023628        0xc ./imus.o
                0x00023628                imuIsOrientationNotification
 .text.imuConnectionClosed
                0x00023634       0x50 ./imus.o
                0x00023634                imuConnectionClosed
 .text.imuServiceStop
                0x00023684        0x4 ./imus.o
                0x00023684                imuServiceStop
 .text.imuAccelerationStatusChange
                0x00023688       0x70 ./imus.o
                0x00023688                imuAccelerationStatusChange
 .text.imuOrientationStatusChange
                0x000236f8       0x70 ./imus.o
                0x000236f8                imuOrientationStatusChange
 .text.imuAccelerationTimerEvtHandler
                0x00023768       0x8c ./imus.o
                0x00023768                imuAccelerationTimerEvtHandler
 .text.imuOrientationTimerEvtHandler
                0x000237f4       0x8c ./imus.o
                0x000237f4                imuOrientationTimerEvtHandler
 .text.imuControlPointStatusChange
                0x00023880       0x24 ./imus.o
                0x00023880                imuControlPointStatusChange
 .text.imuControlPointWrite
                0x000238a4       0xf0 ./imus.o
                0x000238a4                imuControlPointWrite
 .text.MAIN_initSensors
                0x00023994       0x80 ./main.o
                0x00023994                MAIN_initSensors
 .text.startup.main
                0x00023a14      0x2d0 ./main.o
                0x00023a14                main
 .text.MAIN_deInitSensors
                0x00023ce4       0x40 ./main.o
                0x00023ce4                MAIN_deInitSensors
 .text.powerSourceTypeRead
                0x00023d24       0x3c ./power.o
                0x00023d24                powerSourceTypeRead
 .text.advBlink
                0x00023d60       0x34 ./radio_ble.o
                0x00023d60                advBlink
 .text.RADIO_readImuData
                0x00023d94       0x44 ./radio_ble.o
                0x00023d94                RADIO_readImuData
 .text.RADIO_bleStackLoopIteration
                0x00023dd8      0x258 ./radio_ble.o
                0x00023dd8                RADIO_bleStackLoopIteration
 .text.RADIO_bleChipInit
                0x00024030       0xfc ./radio_ble.o
                0x00024030                RADIO_bleChipInit
 .text.RADIO_bleStackInit
                0x0002412c       0x74 ./radio_ble.o
                0x0002412c                RADIO_bleStackInit
 .text.uiReadButtons
                0x000241a0       0x50 ./ui.o
                0x000241a0                uiReadButtons
 .text.uiLEDWrite
                0x000241f0       0x40 ./ui.o
                0x000241f0                uiLEDWrite
 .text.uiRGBLEDWrite
                0x00024230       0xa8 ./ui.o
                0x00024230                uiRGBLEDWrite
 .text.uiRGBLEDRead
                0x000242d8       0x58 ./ui.o
                0x000242d8                uiRGBLEDRead
 .text.uiRGBLEDWasDisabled
                0x00024330        0xc ./ui.o
                0x00024330                uiRGBLEDWasDisabled
 .text.i2cBusRead
                0x0002433c       0x48 ./hardware/kit/common/bsp/thunderboard/bap.o
 .text.i2cBusWrite
                0x00024384       0x48 ./hardware/kit/common/bsp/thunderboard/bap.o
 .text.BAP_init
                0x000243cc       0xb0 ./hardware/kit/common/bsp/thunderboard/bap.o
                0x000243cc                BAP_init
 .text.BAP_deInit
                0x0002447c       0x14 ./hardware/kit/common/bsp/thunderboard/bap.o
                0x0002447c                BAP_deInit
 .text.BAP_getPressure
                0x00024490       0x68 ./hardware/kit/common/bsp/thunderboard/bap.o
                0x00024490                BAP_getPressure
 .text.gpioInterruptHandler
                0x000244f8       0x30 ./hardware/kit/common/bsp/thunderboard/board_4160.o
 .text.picWriteReg
                0x00024528       0x58 ./hardware/kit/common/bsp/thunderboard/board_4160.o
 .text.picReadReg
                0x00024580       0x50 ./hardware/kit/common/bsp/thunderboard/board_4160.o
 .text.BOARD_flashDeepPowerDown
                0x000245d0       0xf8 ./hardware/kit/common/bsp/thunderboard/board_4160.o
                0x000245d0                BOARD_flashDeepPowerDown
 .text.BOARD_pushButtonGetState
                0x000246c8       0x14 ./hardware/kit/common/bsp/thunderboard/board_4160.o
                0x000246c8                BOARD_pushButtonGetState
 .text.BOARD_i2cBusSelect
                0x000246dc        0x4 ./hardware/kit/common/bsp/thunderboard/board_4160.o
                0x000246dc                BOARD_i2cBusSelect
 .text.BOARD_picWriteReg
                0x000246e0       0x7c ./hardware/kit/common/bsp/thunderboard/board_4160.o
                0x000246e0                BOARD_picWriteReg
 .text.BOARD_imuEnable
                0x0002475c       0x28 ./hardware/kit/common/bsp/thunderboard/board_4160.o
                0x0002475c                BOARD_imuEnable
 .text.BOARD_envSensEnable
                0x00024784        0x8 ./hardware/kit/common/bsp/thunderboard/board_4160.o
                0x00024784                BOARD_envSensEnable
 .text.BOARD_bapEnable
                0x0002478c       0x40 ./hardware/kit/common/bsp/thunderboard/board_4160.o
                0x0002478c                BOARD_bapEnable
 .text.BOARD_rhtempEnable
                0x000247cc       0x40 ./hardware/kit/common/bsp/thunderboard/board_4160.o
                0x000247cc                BOARD_rhtempEnable
 .text.BOARD_alsEnable
                0x0002480c       0x40 ./hardware/kit/common/bsp/thunderboard/board_4160.o
                0x0002480c                BOARD_alsEnable
 .text.BOARD_micEnable
                0x0002484c        0x8 ./hardware/kit/common/bsp/thunderboard/board_4160.o
                0x0002484c                BOARD_micEnable
 .text.BOARD_gasSensorEnable
                0x00024854       0x28 ./hardware/kit/common/bsp/thunderboard/board_4160.o
                0x00024854                BOARD_gasSensorEnable
 .text.BOARD_gasSensorWake
                0x0002487c       0x14 ./hardware/kit/common/bsp/thunderboard/board_4160.o
                0x0002487c                BOARD_gasSensorWake
 .text.BOARD_imuClearIRQ
                0x00024890       0x18 ./hardware/kit/common/bsp/thunderboard/board_4160.o
                0x00024890                BOARD_imuClearIRQ
 .text.BOARD_picReadReg
                0x000248a8       0x7c ./hardware/kit/common/bsp/thunderboard/board_4160.o
                0x000248a8                BOARD_picReadReg
 .text.BOARD_picRegBitsSet
                0x00024924       0xb4 ./hardware/kit/common/bsp/thunderboard/board_4160.o
                0x00024924                BOARD_picRegBitsSet
 .text.BOARD_rgbledEnable
                0x000249d8       0x38 ./hardware/kit/common/bsp/thunderboard/board_4160.o
                0x000249d8                BOARD_rgbledEnable
 .text.BOARD_ledSet
                0x00024a10       0x70 ./hardware/kit/common/bsp/thunderboard/board_4160.o
                0x00024a10                BOARD_ledSet
 .text.BOARD_rgbledSetRawColor.part.3
                0x00024a80       0x2c ./hardware/kit/common/bsp/thunderboard/board_4160.o
 .text.BOARD_rgbledSetRawColor
                0x00024aac       0x34 ./hardware/kit/common/bsp/thunderboard/board_4160.o
                0x00024aac                BOARD_rgbledSetRawColor
 .text.BOARD_rgbledSetColor
                0x00024ae0       0x18 ./hardware/kit/common/bsp/thunderboard/board_4160.o
                0x00024ae0                BOARD_rgbledSetColor
 .text.BOARD_imuEnableIRQ
                0x00024af8        0xc ./hardware/kit/common/bsp/thunderboard/board_4160.o
                0x00024af8                BOARD_imuEnableIRQ
 .text.BOARD_picGetDeviceId
                0x00024b04       0x34 ./hardware/kit/common/bsp/thunderboard/board_4160.o
                0x00024b04                BOARD_picGetDeviceId
 .text.BOARD_picGetHwRevision
                0x00024b38       0x18 ./hardware/kit/common/bsp/thunderboard/board_4160.o
                0x00024b38                BOARD_picGetHwRevision
 .text.BOARD_picGetFwRevision
                0x00024b50       0x6c ./hardware/kit/common/bsp/thunderboard/board_4160.o
                0x00024b50                BOARD_picGetFwRevision
 .text.BOARD_init
                0x00024bbc      0x300 ./hardware/kit/common/bsp/thunderboard/board_4160.o
                0x00024bbc                BOARD_init
 .text.BOARD_imuSetIRQCallback
                0x00024ebc       0x1c ./hardware/kit/common/bsp/thunderboard/board_4160.o
                0x00024ebc                BOARD_imuSetIRQCallback
 .text.CCS811_deInit
                0x00024ed8       0x14 ./hardware/kit/common/bsp/thunderboard/ccs811.o
                0x00024ed8                CCS811_deInit
 .text.CCS811_readMailbox
                0x00024eec       0x5c ./hardware/kit/common/bsp/thunderboard/ccs811.o
                0x00024eec                CCS811_readMailbox
 .text.CCS811_init
                0x00024f48       0x44 ./hardware/kit/common/bsp/thunderboard/ccs811.o
                0x00024f48                CCS811_init
 .text.CCS811_isDataAvailable
                0x00024f8c       0x28 ./hardware/kit/common/bsp/thunderboard/ccs811.o
                0x00024f8c                CCS811_isDataAvailable
 .text.CCS811_startApplication
                0x00024fb4       0x7c ./hardware/kit/common/bsp/thunderboard/ccs811.o
                0x00024fb4                CCS811_startApplication
 .text.CCS811_getMeasurement
                0x00025030       0x7c ./hardware/kit/common/bsp/thunderboard/ccs811.o
                0x00025030                CCS811_getMeasurement
 .text.CCS811_setMeasureMode
                0x000250ac       0x60 ./hardware/kit/common/bsp/thunderboard/ccs811.o
                0x000250ac                CCS811_setMeasureMode
 .text.CCS811_setEnvData
                0x0002510c       0xd4 ./hardware/kit/common/bsp/thunderboard/ccs811.o
                0x0002510c                CCS811_setEnvData
 .text.ICM20648_deInit
                0x000251e0        0xc ./hardware/kit/common/bsp/thunderboard/icm20648.o
                0x000251e0                ICM20648_deInit
 .text.ICM20648_spiInit
                0x000251ec       0xb0 ./hardware/kit/common/bsp/thunderboard/icm20648.o
                0x000251ec                ICM20648_spiInit
 .text.ICM20648_bankSelect
                0x0002529c       0x40 ./hardware/kit/common/bsp/thunderboard/icm20648.o
                0x0002529c                ICM20648_bankSelect
 .text.ICM20648_registerRead
                0x000252dc       0x54 ./hardware/kit/common/bsp/thunderboard/icm20648.o
                0x000252dc                ICM20648_registerRead
 .text.ICM20648_accelResolutionGet
                0x00025330       0x5c ./hardware/kit/common/bsp/thunderboard/icm20648.o
                0x00025330                ICM20648_accelResolutionGet
 .text.ICM20648_accelDataRead
                0x0002538c       0x7c ./hardware/kit/common/bsp/thunderboard/icm20648.o
                0x0002538c                ICM20648_accelDataRead
 .text.ICM20648_gyroResolutionGet
                0x00025408       0x64 ./hardware/kit/common/bsp/thunderboard/icm20648.o
                0x00025408                ICM20648_gyroResolutionGet
 .text.ICM20648_gyroDataRead
                0x0002546c       0x7c ./hardware/kit/common/bsp/thunderboard/icm20648.o
                0x0002546c                ICM20648_gyroDataRead
 .text.ICM20648_interruptStatusRead
                0x000254e8       0x38 ./hardware/kit/common/bsp/thunderboard/icm20648.o
                0x000254e8                ICM20648_interruptStatusRead
 .text.ICM20648_isDataReady
                0x00025520       0x20 ./hardware/kit/common/bsp/thunderboard/icm20648.o
                0x00025520                ICM20648_isDataReady
 .text.ICM20648_getDeviceID
                0x00025540       0x10 ./hardware/kit/common/bsp/thunderboard/icm20648.o
                0x00025540                ICM20648_getDeviceID
 .text.ICM20648_registerWrite
                0x00025550       0x48 ./hardware/kit/common/bsp/thunderboard/icm20648.o
                0x00025550                ICM20648_registerWrite
 .text.ICM20648_reset
                0x00025598       0x14 ./hardware/kit/common/bsp/thunderboard/icm20648.o
                0x00025598                ICM20648_reset
 .text.ICM20648_init
                0x000255ac       0x60 ./hardware/kit/common/bsp/thunderboard/icm20648.o
                0x000255ac                ICM20648_init
 .text.ICM20648_accelFullscaleSet
                0x0002560c       0x38 ./hardware/kit/common/bsp/thunderboard/icm20648.o
                0x0002560c                ICM20648_accelFullscaleSet
 .text.ICM20648_gyroFullscaleSet
                0x00025644       0x38 ./hardware/kit/common/bsp/thunderboard/icm20648.o
                0x00025644                ICM20648_gyroFullscaleSet
 *fill*         0x0002567c        0x4 
 .text.ICM20648_gyroSampleRateSet
                0x00025680       0x98 ./hardware/kit/common/bsp/thunderboard/icm20648.o
                0x00025680                ICM20648_gyroSampleRateSet
 .text.ICM20648_accelSampleRateSet
                0x00025718       0xa8 ./hardware/kit/common/bsp/thunderboard/icm20648.o
                0x00025718                ICM20648_accelSampleRateSet
 .text.ICM20648_gyroBandwidthSet
                0x000257c0       0x38 ./hardware/kit/common/bsp/thunderboard/icm20648.o
                0x000257c0                ICM20648_gyroBandwidthSet
 .text.ICM20648_accelBandwidthSet
                0x000257f8       0x38 ./hardware/kit/common/bsp/thunderboard/icm20648.o
                0x000257f8                ICM20648_accelBandwidthSet
 .text.ICM20648_sleepModeEnable
                0x00025830       0x38 ./hardware/kit/common/bsp/thunderboard/icm20648.o
                0x00025830                ICM20648_sleepModeEnable
 .text.ICM20648_sensorEnable
                0x00025868       0x50 ./hardware/kit/common/bsp/thunderboard/icm20648.o
                0x00025868                ICM20648_sensorEnable
 .text.ICM20648_lowPowerModeEnter
                0x000258b8       0x70 ./hardware/kit/common/bsp/thunderboard/icm20648.o
                0x000258b8                ICM20648_lowPowerModeEnter
 .text.ICM20648_interruptEnable
                0x00025928       0x20 ./hardware/kit/common/bsp/thunderboard/icm20648.o
                0x00025928                ICM20648_interruptEnable
 .text.ICM20648_gyroCalibrate
                0x00025948      0x23c ./hardware/kit/common/bsp/thunderboard/icm20648.o
                0x00025948                ICM20648_gyroCalibrate
 .text.dmaCompleteCallback
                0x00025b84       0x34 ./hardware/kit/common/bsp/thunderboard/mic.o
 .text.MIC_init
                0x00025bb8      0x144 ./hardware/kit/common/bsp/thunderboard/mic.o
                0x00025bb8                MIC_init
 .text.MIC_deInit
                0x00025cfc       0x38 ./hardware/kit/common/bsp/thunderboard/mic.o
                0x00025cfc                MIC_deInit
 .text.MIC_start
                0x00025d34       0x80 ./hardware/kit/common/bsp/thunderboard/mic.o
                0x00025d34                MIC_start
 .text.MIC_getSoundLevel
                0x00025db4       0xc4 ./hardware/kit/common/bsp/thunderboard/mic.o
                0x00025db4                MIC_getSoundLevel
 .text.MIC_isBusy
                0x00025e78        0xc ./hardware/kit/common/bsp/thunderboard/mic.o
                0x00025e78                MIC_isBusy
 .text.SI1133_calcEvalPoly.constprop.2
                0x00025e84      0x114 ./hardware/kit/common/bsp/thunderboard/si1133.o
 .text.SI1133_registerRead
                0x00025f98       0x44 ./hardware/kit/common/bsp/thunderboard/si1133.o
                0x00025f98                SI1133_registerRead
 .text.SI1133_waitUntilSleep
                0x00025fdc       0x34 ./hardware/kit/common/bsp/thunderboard/si1133.o
 .text.SI1133_registerWrite
                0x00026010       0x48 ./hardware/kit/common/bsp/thunderboard/si1133.o
                0x00026010                SI1133_registerWrite
 .text.SI1133_sendCmd
                0x00026058       0x9c ./hardware/kit/common/bsp/thunderboard/si1133.o
 .text.SI1133_registerBlockWrite
                0x000260f4       0x60 ./hardware/kit/common/bsp/thunderboard/si1133.o
                0x000260f4                SI1133_registerBlockWrite
 .text.SI1133_registerBlockRead
                0x00026154       0x44 ./hardware/kit/common/bsp/thunderboard/si1133.o
                0x00026154                SI1133_registerBlockRead
 .text.SI1133_reset
                0x00026198       0x1c ./hardware/kit/common/bsp/thunderboard/si1133.o
                0x00026198                SI1133_reset
 .text.SI1133_measurementForce
                0x000261b4        0x8 ./hardware/kit/common/bsp/thunderboard/si1133.o
                0x000261b4                SI1133_measurementForce
 .text.SI1133_paramSet
                0x000261bc       0x78 ./hardware/kit/common/bsp/thunderboard/si1133.o
                0x000261bc                SI1133_paramSet
 .text.SI1133_init
                0x00026234       0xa8 ./hardware/kit/common/bsp/thunderboard/si1133.o
                0x00026234                SI1133_init
 .text.SI1133_deInit
                0x000262dc       0x24 ./hardware/kit/common/bsp/thunderboard/si1133.o
                0x000262dc                SI1133_deInit
 .text.SI1133_measurementGet
                0x00026300       0x94 ./hardware/kit/common/bsp/thunderboard/si1133.o
                0x00026300                SI1133_measurementGet
 .text.SI1133_getLux
                0x00026394       0x38 ./hardware/kit/common/bsp/thunderboard/si1133.o
                0x00026394                SI1133_getLux
 .text.SI1133_getMeasurement
                0x000263cc       0x6c ./hardware/kit/common/bsp/thunderboard/si1133.o
                0x000263cc                SI1133_getMeasurement
 .text.SI1133_getIrqStatus
                0x00026438        0x8 ./hardware/kit/common/bsp/thunderboard/si1133.o
                0x00026438                SI1133_getIrqStatus
 .text.SI7021_deInit
                0x00026440        0x8 ./hardware/kit/common/bsp/thunderboard/si7021.o
                0x00026440                SI7021_deInit
 .text.SI7021_cmdRead
                0x00026448       0x54 ./hardware/kit/common/bsp/thunderboard/si7021.o
                0x00026448                SI7021_cmdRead
 .text.SI7021_init
                0x0002649c       0x3c ./hardware/kit/common/bsp/thunderboard/si7021.o
                0x0002649c                SI7021_init
 .text.SI7021_cmdWrite
                0x000264d8       0x50 ./hardware/kit/common/bsp/thunderboard/si7021.o
                0x000264d8                SI7021_cmdWrite
 .text.SI7021_measure
                0x00026528       0xb0 ./hardware/kit/common/bsp/thunderboard/si7021.o
                0x00026528                SI7021_measure
 .text.UTIL_init
                0x000265d8       0x44 ./hardware/kit/common/bsp/thunderboard/util.o
                0x000265d8                UTIL_init
 .text.SysTick_Handler
                0x0002661c       0x10 ./hardware/kit/common/bsp/thunderboard/util.o
                0x0002661c                SysTick_Handler
 .text.UTIL_delay
                0x0002662c       0x30 ./hardware/kit/common/bsp/thunderboard/util.o
                0x0002662c                UTIL_delay
 .text.UTIL_shutdown
                0x0002665c       0x3c ./hardware/kit/common/bsp/thunderboard/util.o
                0x0002665c                UTIL_shutdown
 .text.measureSupplyVoltage.constprop.1
                0x00026698      0x14c ./hardware/kit/common/bsp/thunderboard/util_supply.o
 *fill*         0x000267e4        0x4 
 .text.UTIL_supplyProbe
                0x000267e8      0x13c ./hardware/kit/common/bsp/thunderboard/util_supply.o
                0x000267e8                UTIL_supplyProbe
 .text.UTIL_supplyGetCharacteristics
                0x00026924       0x28 ./hardware/kit/common/bsp/thunderboard/util_supply.o
                0x00026924                UTIL_supplyGetCharacteristics
 .text.UTIL_supplyGetType
                0x0002694c        0xc ./hardware/kit/common/bsp/thunderboard/util_supply.o
                0x0002694c                UTIL_supplyGetType
 .text.UTIL_isLowPower
                0x00026958       0x14 ./hardware/kit/common/bsp/thunderboard/util_supply.o
                0x00026958                UTIL_isLowPower
 .text.bmp280_read_uncomp_temperature
                0x0002696c       0x4c ./hardware/kit/common/bsp/thunderboard/bosch/BMP280_driver/bmp280.o
                0x0002696c                bmp280_read_uncomp_temperature
 .text.bmp280_compensate_temperature_int32
                0x000269b8       0x40 ./hardware/kit/common/bsp/thunderboard/bosch/BMP280_driver/bmp280.o
                0x000269b8                bmp280_compensate_temperature_int32
 .text.bmp280_read_uncomp_pressure
                0x000269f8       0x4c ./hardware/kit/common/bsp/thunderboard/bosch/BMP280_driver/bmp280.o
                0x000269f8                bmp280_read_uncomp_pressure
 .text.bmp280_read_uncomp_pressure_temperature
                0x00026a44       0x74 ./hardware/kit/common/bsp/thunderboard/bosch/BMP280_driver/bmp280.o
                0x00026a44                bmp280_read_uncomp_pressure_temperature
 .text.bmp280_get_calib_param
                0x00026ab8       0xe0 ./hardware/kit/common/bsp/thunderboard/bosch/BMP280_driver/bmp280.o
                0x00026ab8                bmp280_get_calib_param
 .text.bmp280_init
                0x00026b98       0x74 ./hardware/kit/common/bsp/thunderboard/bosch/BMP280_driver/bmp280.o
                0x00026b98                bmp280_init
 .text.bmp280_set_power_mode
                0x00026c0c       0x44 ./hardware/kit/common/bsp/thunderboard/bosch/BMP280_driver/bmp280.o
                0x00026c0c                bmp280_set_power_mode
 .text.bmp280_set_work_mode
                0x00026c50       0xb4 ./hardware/kit/common/bsp/thunderboard/bosch/BMP280_driver/bmp280.o
                0x00026c50                bmp280_set_work_mode
 .text.bmp280_compensate_pressure_int64
                0x00026d04      0x1ec ./hardware/kit/common/bsp/thunderboard/bosch/BMP280_driver/bmp280.o
                0x00026d04                bmp280_compensate_pressure_int64
 .text.bmp280_compute_wait_time
                0x00026ef0       0x48 ./hardware/kit/common/bsp/thunderboard/bosch/BMP280_driver/bmp280.o
                0x00026ef0                bmp280_compute_wait_time
 .text.bmp280_get_forced_uncomp_pressure_temperature
                0x00026f38       0x64 ./hardware/kit/common/bsp/thunderboard/bosch/BMP280_driver/bmp280.o
                0x00026f38                bmp280_get_forced_uncomp_pressure_temperature
 .text.gpioInterrupt
                0x00026f9c       0x24 ./hardware/kit/common/bsp/thunderboard/imu/imu.o
 .text.IMU_init
                0x00026fc0       0xcc ./hardware/kit/common/bsp/thunderboard/imu/imu.o
                0x00026fc0                IMU_init
 .text.IMU_deInit
                0x0002708c       0x10 ./hardware/kit/common/bsp/thunderboard/imu/imu.o
                0x0002708c                IMU_deInit
 .text.IMU_getState
                0x0002709c        0xc ./hardware/kit/common/bsp/thunderboard/imu/imu.o
                0x0002709c                IMU_getState
 .text.IMU_config
                0x000270a8       0xec ./hardware/kit/common/bsp/thunderboard/imu/imu.o
                0x000270a8                IMU_config
 .text.IMU_accelerationGet
                0x00027194       0x78 ./hardware/kit/common/bsp/thunderboard/imu/imu.o
                0x00027194                IMU_accelerationGet
 *fill*         0x0002720c        0x4 
 .text.IMU_orientationGet
                0x00027210       0x5c ./hardware/kit/common/bsp/thunderboard/imu/imu.o
                0x00027210                IMU_orientationGet
 .text.IMU_gyroCalibrate
                0x0002726c       0x30 ./hardware/kit/common/bsp/thunderboard/imu/imu.o
                0x0002726c                IMU_gyroCalibrate
 .text.IMU_update
                0x0002729c        0xc ./hardware/kit/common/bsp/thunderboard/imu/imu.o
                0x0002729c                IMU_update
 .text.IMU_getAccelerometerData
                0x000272a8       0x1c ./hardware/kit/common/bsp/thunderboard/imu/imu.o
                0x000272a8                IMU_getAccelerometerData
 .text.IMU_getGyroData
                0x000272c4       0x1c ./hardware/kit/common/bsp/thunderboard/imu/imu.o
                0x000272c4                IMU_getGyroData
 .text.IMU_isDataReady
                0x000272e0       0x38 ./hardware/kit/common/bsp/thunderboard/imu/imu.o
                0x000272e0                IMU_isDataReady
 .text.IMU_isDataReadyFlag
                0x00027318       0x1c ./hardware/kit/common/bsp/thunderboard/imu/imu.o
                0x00027318                IMU_isDataReadyFlag
 .text.IMU_clearDataReadyFlag
                0x00027334       0x1c ./hardware/kit/common/bsp/thunderboard/imu/imu.o
                0x00027334                IMU_clearDataReadyFlag
 .text.IMU_dcmReset
                0x00027350       0x1c ./hardware/kit/common/bsp/thunderboard/imu/imu_dcm.o
                0x00027350                IMU_dcmReset
 .text.IMU_dcmRotate
                0x0002736c       0x74 ./hardware/kit/common/bsp/thunderboard/imu/imu_dcm.o
                0x0002736c                IMU_dcmRotate
 .text.IMU_dcmNormalize
                0x000273e0       0xac ./hardware/kit/common/bsp/thunderboard/imu/imu_dcm.o
                0x000273e0                IMU_dcmNormalize
 .text.IMU_dcmGetAngles
                0x0002748c       0x38 ./hardware/kit/common/bsp/thunderboard/imu/imu_dcm.o
                0x0002748c                IMU_dcmGetAngles
 .text.IMU_fuseNew
                0x000274c4       0x40 ./hardware/kit/common/bsp/thunderboard/imu/imu_fuse.o
                0x000274c4                IMU_fuseNew
 *fill*         0x00027504        0x4 
 .text.IMU_fuseGyroSetSampleRate
                0x00027508       0x40 ./hardware/kit/common/bsp/thunderboard/imu/imu_fuse.o
                0x00027508                IMU_fuseGyroSetSampleRate
 .text.IMU_fuseAccelerometerSetSampleRate
                0x00027548        0x8 ./hardware/kit/common/bsp/thunderboard/imu/imu_fuse.o
                0x00027548                IMU_fuseAccelerometerSetSampleRate
 .text.IMU_fuseGyroUpdate
                0x00027550       0x38 ./hardware/kit/common/bsp/thunderboard/imu/imu_fuse.o
                0x00027550                IMU_fuseGyroUpdate
 .text.IMU_fuseGyroCorrection
                0x00027588      0x168 ./hardware/kit/common/bsp/thunderboard/imu/imu_fuse.o
                0x00027588                IMU_fuseGyroCorrection
 .text.IMU_fuseReset
                0x000276f0       0x38 ./hardware/kit/common/bsp/thunderboard/imu/imu_fuse.o
                0x000276f0                IMU_fuseReset
 .text.IMU_fuseUpdate
                0x00027728       0x90 ./hardware/kit/common/bsp/thunderboard/imu/imu_fuse.o
                0x00027728                IMU_fuseUpdate
 .text.IMU_matrixMultiply
                0x000277b8       0x68 ./hardware/kit/common/bsp/thunderboard/imu/imu_math.o
                0x000277b8                IMU_matrixMultiply
 .text.IMU_vectorNormalizeAngle
                0x00027820       0xb0 ./hardware/kit/common/bsp/thunderboard/imu/imu_math.o
                0x00027820                IMU_vectorNormalizeAngle
 .text.IMU_vectorZero
                0x000278d0        0xc ./hardware/kit/common/bsp/thunderboard/imu/imu_math.o
                0x000278d0                IMU_vectorZero
 .text.IMU_vectorScalarMultiplication
                0x000278dc       0x18 ./hardware/kit/common/bsp/thunderboard/imu/imu_math.o
                0x000278dc                IMU_vectorScalarMultiplication
 .text.IMU_vectorScale
                0x000278f4       0x28 ./hardware/kit/common/bsp/thunderboard/imu/imu_math.o
                0x000278f4                IMU_vectorScale
 .text.IMU_vectorAdd
                0x0002791c       0x1c ./hardware/kit/common/bsp/thunderboard/imu/imu_math.o
                0x0002791c                IMU_vectorAdd
 .text.IMU_vectorSubtract
                0x00027938       0x1c ./hardware/kit/common/bsp/thunderboard/imu/imu_math.o
                0x00027938                IMU_vectorSubtract
 .text.IMU_vectorDotProduct
                0x00027954       0x24 ./hardware/kit/common/bsp/thunderboard/imu/imu_math.o
                0x00027954                IMU_vectorDotProduct
 .text.IMU_vectorCrossProduct
                0x00027978       0x64 ./hardware/kit/common/bsp/thunderboard/imu/imu_math.o
                0x00027978                IMU_vectorCrossProduct
 .text.I2CSPM_Init
                0x000279dc       0xa8 ./hardware/kit/common/drivers/i2cspm.o
                0x000279dc                I2CSPM_Init
 .text.I2CSPM_Transfer
                0x00027a84       0x24 ./hardware/kit/common/drivers/i2cspm.o
                0x00027a84                I2CSPM_Transfer
 .text._close   0x00027aa8        0x4 ./hardware/kit/common/drivers/retargetio.o
                0x00027aa8                _close
 .text._exit    0x00027aac        0x4 ./hardware/kit/common/drivers/retargetio.o
                0x00027aac                _exit
 .text._fstat   0x00027ab0        0xc ./hardware/kit/common/drivers/retargetio.o
                0x00027ab0                _fstat
 .text._isatty  0x00027abc        0x4 ./hardware/kit/common/drivers/retargetio.o
                0x00027abc                _isatty
 .text._lseek   0x00027ac0        0x4 ./hardware/kit/common/drivers/retargetio.o
                0x00027ac0                _lseek
 .text._read    0x00027ac4       0x30 ./hardware/kit/common/drivers/retargetio.o
                0x00027ac4                _read
 .text._sbrk    0x00027af4       0x1c ./hardware/kit/common/drivers/retargetio.o
                0x00027af4                _sbrk
 .text._write   0x00027b10       0x1c ./hardware/kit/common/drivers/retargetio.o
                0x00027b10                _write
 .text.USART0_RX_IRQHandler
                0x00027b2c       0x58 ./hardware/kit/common/drivers/retargetserial.o
                0x00027b2c                USART0_RX_IRQHandler
 .text.RETARGET_SerialInit
                0x00027b84       0xc0 ./hardware/kit/common/drivers/retargetserial.o
                0x00027b84                RETARGET_SerialInit
 .text.RETARGET_ReadChar
                0x00027c44       0x58 ./hardware/kit/common/drivers/retargetserial.o
                0x00027c44                RETARGET_ReadChar
 .text.RETARGET_WriteChar
                0x00027c9c       0x58 ./hardware/kit/common/drivers/retargetserial.o
                0x00027c9c                RETARGET_WriteChar
 .text.Default_Handler
                0x00027cf4        0x4 ./platform/Device/SiliconLabs/EFR32MG1P/Source/GCC/startup_efr32mg1p.o
                0x00027cf4                DebugMon_Handler
                0x00027cf4                USART0_TX_IRQHandler
                0x00027cf4                I2C0_IRQHandler
                0x00027cf4                HardFault_Handler
                0x00027cf4                USART1_RX_IRQHandler
                0x00027cf4                PendSV_Handler
                0x00027cf4                NMI_Handler
                0x00027cf4                SYNTH_IRQHandler
                0x00027cf4                WDOG0_IRQHandler
                0x00027cf4                USART1_TX_IRQHandler
                0x00027cf4                MSC_IRQHandler
                0x00027cf4                ADC0_IRQHandler
                0x00027cf4                UsageFault_Handler
                0x00027cf4                LEUART0_IRQHandler
                0x00027cf4                FPUEH_IRQHandler
                0x00027cf4                TIMER0_IRQHandler
                0x00027cf4                LETIMER0_IRQHandler
                0x00027cf4                TIMER1_IRQHandler
                0x00027cf4                RFSENSE_IRQHandler
                0x00027cf4                BUFC_IRQHandler
                0x00027cf4                MODEM_IRQHandler
                0x00027cf4                Default_Handler
                0x00027cf4                RAC_SEQ_IRQHandler
                0x00027cf4                FRC_PRI_IRQHandler
                0x00027cf4                FRC_IRQHandler
                0x00027cf4                CRYOTIMER_IRQHandler
                0x00027cf4                PCNT0_IRQHandler
                0x00027cf4                AGC_IRQHandler
                0x00027cf4                ACMP0_IRQHandler
                0x00027cf4                MemManage_Handler
                0x00027cf4                SVC_Handler
                0x00027cf4                RTCC_IRQHandler
                0x00027cf4                CRYPTO_IRQHandler
                0x00027cf4                CMU_IRQHandler
                0x00027cf4                RAC_RSM_IRQHandler
                0x00027cf4                PROTIMER_IRQHandler
                0x00027cf4                BusFault_Handler
                0x00027cf4                IDAC0_IRQHandler
 .text.Reset_Handler
                0x00027cf8       0x34 ./platform/Device/SiliconLabs/EFR32MG1P/Source/GCC/startup_efr32mg1p.o
                0x00027cf8                Reset_Handler
 .text.StartTransfer
                0x00027d2c      0x1dc ./platform/emdrv/dmadrv/src/dmadrv.o
 .text.DMADRV_AllocateChannel
                0x00027f08       0x60 ./platform/emdrv/dmadrv/src/dmadrv.o
                0x00027f08                DMADRV_AllocateChannel
 .text.DMADRV_FreeChannel
                0x00027f68       0x54 ./platform/emdrv/dmadrv/src/dmadrv.o
                0x00027f68                DMADRV_FreeChannel
 .text.DMADRV_Init
                0x00027fbc       0x60 ./platform/emdrv/dmadrv/src/dmadrv.o
                0x00027fbc                DMADRV_Init
 .text.DMADRV_PeripheralMemory
                0x0002801c       0x34 ./platform/emdrv/dmadrv/src/dmadrv.o
                0x0002801c                DMADRV_PeripheralMemory
 .text.LDMA_IRQHandler
                0x00028050       0x7c ./platform/emdrv/dmadrv/src/dmadrv.o
                0x00028050                LDMA_IRQHandler
 .text.GPIOINT_IRQDispatcher
                0x000280cc       0x2c ./platform/emdrv/gpiointerrupt/src/gpiointerrupt.o
 .text.GPIOINT_Init
                0x000280f8       0x1c ./platform/emdrv/gpiointerrupt/src/gpiointerrupt.o
                0x000280f8                GPIOINT_Init
 .text.GPIOINT_CallbackRegister
                0x00028114       0x1c ./platform/emdrv/gpiointerrupt/src/gpiointerrupt.o
                0x00028114                GPIOINT_CallbackRegister
 .text.GPIO_EVEN_IRQHandler
                0x00028130       0x20 ./platform/emdrv/gpiointerrupt/src/gpiointerrupt.o
                0x00028130                GPIO_EVEN_IRQHandler
 .text.GPIO_ODD_IRQHandler
                0x00028150       0x20 ./platform/emdrv/gpiointerrupt/src/gpiointerrupt.o
                0x00028150                GPIO_ODD_IRQHandler
 .text.ADC_LoadDevinfoCal
                0x00028170       0xb8 ./platform/emlib/src/em_adc.o
 .text.ADC_ScanInputClear
                0x00028228       0x14 ./platform/emlib/src/em_adc.o
                0x00028228                ADC_ScanInputClear
 .text.ADC_ScanSingleEndedInputAdd
                0x0002823c       0x3c ./platform/emlib/src/em_adc.o
                0x0002823c                ADC_ScanSingleEndedInputAdd
 .text.ADC_InitScan
                0x00028278       0x98 ./platform/emlib/src/em_adc.o
                0x00028278                ADC_InitScan
 .text.ADC_InitSingle
                0x00028310       0xb8 ./platform/emlib/src/em_adc.o
                0x00028310                ADC_InitSingle
 .text.ADC_PrescaleCalc
                0x000283c8       0x4c ./platform/emlib/src/em_adc.o
                0x000283c8                ADC_PrescaleCalc
 .text.ADC_Init
                0x00028414       0x68 ./platform/emlib/src/em_adc.o
                0x00028414                ADC_Init
 .text.ADC_TimebaseCalc
                0x0002847c       0x30 ./platform/emlib/src/em_adc.o
                0x0002847c                ADC_TimebaseCalc
 .text.flashWaitStateControl.isra.0
                0x000284ac       0x48 ./platform/emlib/src/em_cmu.o
 .text.CMU_OscillatorTuningSet.part.3
                0x000284f4       0x3c ./platform/emlib/src/em_cmu.o
 .text.CMU_ClockEnable
                0x00028530       0x8c ./platform/emlib/src/em_cmu.o
                0x00028530                CMU_ClockEnable
 .text.CMU_ClockSelectGet
                0x000285bc       0xcc ./platform/emlib/src/em_cmu.o
                0x000285bc                CMU_ClockSelectGet
 .text.lfClkGet
                0x00028688       0x94 ./platform/emlib/src/em_cmu.o
 .text.CMU_ClockFreqGet
                0x0002871c      0x160 ./platform/emlib/src/em_cmu.o
                0x0002871c                CMU_ClockFreqGet
 .text.CMU_OscillatorTuningWait
                0x0002887c       0x5c ./platform/emlib/src/em_cmu.o
                0x0002887c                CMU_OscillatorTuningWait
 .text.CMU_OscillatorEnable
                0x000288d8      0x110 ./platform/emlib/src/em_cmu.o
                0x000288d8                CMU_OscillatorEnable
 .text.CMU_ClockSelectSet
                0x000289e8      0x200 ./platform/emlib/src/em_cmu.o
                0x000289e8                CMU_ClockSelectSet
 .text.CMU_HFXOInit
                0x00028be8       0x88 ./platform/emlib/src/em_cmu.o
                0x00028be8                CMU_HFXOInit
 .text.CMU_LFXOInit
                0x00028c70       0x40 ./platform/emlib/src/em_cmu.o
                0x00028c70                CMU_LFXOInit
 .text.GPIO_ExtIntConfig
                0x00028cb0       0xb0 ./platform/emlib/src/em_gpio.o
                0x00028cb0                GPIO_ExtIntConfig
 .text.GPIO_PinModeSet
                0x00028d60       0x84 ./platform/emlib/src/em_gpio.o
                0x00028d60                GPIO_PinModeSet
 .text.GPIO_EM4EnablePinWakeup
                0x00028de4       0x48 ./platform/emlib/src/em_gpio.o
                0x00028de4                GPIO_EM4EnablePinWakeup
 .text.I2C_BusFreqSet.part.0
                0x00028e2c       0x60 ./platform/emlib/src/em_i2c.o
 .text.I2C_Init
                0x00028e8c       0x3c ./platform/emlib/src/em_i2c.o
                0x00028e8c                I2C_Init
 .text.I2C_Transfer
                0x00028ec8      0x284 ./platform/emlib/src/em_i2c.o
                0x00028ec8                I2C_Transfer
 .text.I2C_TransferInit
                0x0002914c       0x70 ./platform/emlib/src/em_i2c.o
                0x0002914c                I2C_TransferInit
 .text.LDMA_Init
                0x000291bc       0x58 ./platform/emlib/src/em_ldma.o
                0x000291bc                LDMA_Init
 .text.LDMA_StartTransfer
                0x00029214       0xa8 ./platform/emlib/src/em_ldma.o
                0x00029214                LDMA_StartTransfer
 .text.PRS_SourceAsyncSignalSet
                0x000292bc       0x1c ./platform/emlib/src/em_prs.o
                0x000292bc                PRS_SourceAsyncSignalSet
 .text.SYSTEM_ChipRevisionGet
                0x000292d8       0x34 ./platform/emlib/src/em_system.o
                0x000292d8                SYSTEM_ChipRevisionGet
 .text.TIMER_Init
                0x0002930c       0xb0 ./platform/emlib/src/em_timer.o
                0x0002930c                TIMER_Init
 .text.TIMER_InitCC
                0x000293bc       0x84 ./platform/emlib/src/em_timer.o
                0x000293bc                TIMER_InitCC
 .text.USART_BaudrateAsyncSet
                0x00029440       0x68 ./platform/emlib/src/em_usart.o
                0x00029440                USART_BaudrateAsyncSet
 .text.USART_BaudrateSyncSet
                0x000294a8       0x24 ./platform/emlib/src/em_usart.o
                0x000294a8                USART_BaudrateSyncSet
 .text.USART_Enable
                0x000294cc       0x10 ./platform/emlib/src/em_usart.o
                0x000294cc                USART_Enable
 .text.USART_InitAsync
                0x000294dc       0xb4 ./platform/emlib/src/em_usart.o
                0x000294dc                USART_InitAsync
 .text.USART_InitSync
                0x00029590       0xcc ./platform/emlib/src/em_usart.o
                0x00029590                USART_InitSync
 .text.USART_Reset
                0x0002965c       0x4c ./platform/emlib/src/em_usart.o
                0x0002965c                USART_Reset
 .text.USART_Rx
                0x000296a8        0xc ./platform/emlib/src/em_usart.o
                0x000296a8                USART_Rx
 .text.USART_SpiTransfer
                0x000296b4       0x14 ./platform/emlib/src/em_usart.o
                0x000296b4                USART_SpiTransfer
 .text.USART_Tx
                0x000296c8        0xc ./platform/emlib/src/em_usart.o
                0x000296c8                USART_Tx
 .text          0x000296d4       0x18 C:\Users\admin\SimplicityStudio\v4_workspace\soc-thunderboard-sense\protocol\bluetooth_2.6\lib\EFR32MG1P\GCC\bgapi.a(gecko_bgapi_hardware.c.obj)
                0x000296d4                gecko_bgapi_class_hardware_init
 .text          0x000296ec       0x18 C:\Users\admin\SimplicityStudio\v4_workspace\soc-thunderboard-sense\protocol\bluetooth_2.6\lib\EFR32MG1P\GCC\bgapi.a(gecko_bgapi_test.c.obj)
                0x000296ec                gecko_bgapi_class_test_init
 .text          0x00029704       0x18 C:\Users\admin\SimplicityStudio\v4_workspace\soc-thunderboard-sense\protocol\bluetooth_2.6\lib\EFR32MG1P\GCC\bgapi.a(gecko_bgapi_dfu.c.obj)
                0x00029704                gecko_bgapi_class_dfu_init
 .text          0x0002971c       0x18 C:\Users\admin\SimplicityStudio\v4_workspace\soc-thunderboard-sense\protocol\bluetooth_2.6\lib\EFR32MG1P\GCC\bgapi.a(gecko_bgapi_gap.c.obj)
                0x0002971c                gecko_bgapi_class_le_gap_init
 .text          0x00029734       0x18 C:\Users\admin\SimplicityStudio\v4_workspace\soc-thunderboard-sense\protocol\bluetooth_2.6\lib\EFR32MG1P\GCC\bgapi.a(gecko_bgapi_gatt.c.obj)
                0x00029734                gecko_bgapi_class_gatt_init
 .text          0x0002974c       0x18 C:\Users\admin\SimplicityStudio\v4_workspace\soc-thunderboard-sense\protocol\bluetooth_2.6\lib\EFR32MG1P\GCC\bgapi.a(gecko_bgapi_gatt_server.c.obj)
                0x0002974c                gecko_bgapi_class_gatt_server_init
 .text          0x00029764       0x18 C:\Users\admin\SimplicityStudio\v4_workspace\soc-thunderboard-sense\protocol\bluetooth_2.6\lib\EFR32MG1P\GCC\bgapi.a(gecko_bgapi_flash.c.obj)
                0x00029764                gecko_bgapi_class_flash_init
 .text          0x0002977c       0x18 C:\Users\admin\SimplicityStudio\v4_workspace\soc-thunderboard-sense\protocol\bluetooth_2.6\lib\EFR32MG1P\GCC\bgapi.a(gecko_bgapi_sm.c.obj)
                0x0002977c                gecko_bgapi_class_sm_init
 .text          0x00029794       0x18 C:\Users\admin\SimplicityStudio\v4_workspace\soc-thunderboard-sense\protocol\bluetooth_2.6\lib\EFR32MG1P\GCC\bgapi.a(gecko_bgapi_system.c.obj)
                0x00029794                gecko_bgapi_class_system_init
 .text          0x000297ac       0x18 C:\Users\admin\SimplicityStudio\v4_workspace\soc-thunderboard-sense\protocol\bluetooth_2.6\lib\EFR32MG1P\GCC\bgapi.a(gecko_bgapi_endpoint.c.obj)
                0x000297ac                gecko_bgapi_class_endpoint_init
 .text          0x000297c4       0x18 C:\Users\admin\SimplicityStudio\v4_workspace\soc-thunderboard-sense\protocol\bluetooth_2.6\lib\EFR32MG1P\GCC\bgapi.a(gecko_bgapi_le_connection.c.obj)
                0x000297c4                gecko_bgapi_class_le_connection_init
 .text          0x000297dc      0x1c8 C:\Users\admin\SimplicityStudio\v4_workspace\soc-thunderboard-sense\protocol\bluetooth_2.6\lib\EFR32MG1P\GCC\bgapi.a(bgapi_hardware.c.obj)
                0x0002984c                bgapi_hardware_soft_timer_listener
                0x000298a8                lib_hardware_handler_init
                0x000298bc                gecko_cmd_hardware_set_soft_timer
                0x000298fc                gecko_cmd_hardware_set_lazy_soft_timer
                0x0002993c                gecko_cmd_hardware_get_time
                0x00029970                gecko_cmd_hardware_enable_dcdc
 .text          0x000299a4      0x408 C:\Users\admin\SimplicityStudio\v4_workspace\soc-thunderboard-sense\protocol\bluetooth_2.6\lib\EFR32MG1P\GCC\bgapi.a(bgapi_test_lib.c.obj)
                0x000299a4                bgapi_test_lib_msg_handler
                0x00029a00                lib_test_handler_init
                0x00029a20                disable_interrupts
                0x00029a44                gecko_cmd_test_dtm_tx
                0x00029b68                gecko_cmd_test_dtm_rx
                0x00029bbc                gecko_cmd_test_dtm_end
                0x00029c54                gecko_cmd_test_debug_command
                0x00029d30                gecko_cmd_test_debug_counter
 .text          0x00029dac       0x8c C:\Users\admin\SimplicityStudio\v4_workspace\soc-thunderboard-sense\protocol\bluetooth_2.6\lib\EFR32MG1P\GCC\bgapi.a(bgapi_dfu.c.obj)
                0x00029dac                lib_dfu_handler_init
                0x00029dae                gecko_cmd_dfu_reset
                0x00029db4                gecko_cmd_dfu_flash_set_address
                0x00029de0                gecko_cmd_dfu_flash_upload
                0x00029e0c                gecko_cmd_dfu_flash_upload_finish
 .text          0x00029e38      0x364 C:\Users\admin\SimplicityStudio\v4_workspace\soc-thunderboard-sense\protocol\bluetooth_2.6\lib\EFR32MG1P\GCC\bgapi.a(bgapi_gap.c.obj)
                0x00029e6c                lib_le_gap_handler_init
                0x00029e6e                gecko_cmd_le_gap_set_mode
                0x00029eb4                gecko_cmd_le_gap_bt5_set_mode
                0x00029ef8                gecko_cmd_le_gap_set_adv_data
                0x00029f30                gecko_cmd_le_gap_bt5_set_adv_data
                0x00029f64                gecko_cmd_le_gap_set_adv_timeout
                0x00029fb8                gecko_cmd_le_gap_open
                0x0002a00c                gecko_cmd_le_gap_discover
                0x0002a038                gecko_cmd_le_gap_end_procedure
                0x0002a064                gecko_cmd_le_gap_set_adv_parameters
                0x0002a098                gecko_cmd_le_gap_bt5_set_adv_parameters
                0x0002a0d4                gecko_cmd_le_gap_set_scan_parameters
                0x0002a108                gecko_cmd_le_gap_set_conn_parameters
                0x0002a140                gecko_cmd_le_gap_set_phy
                0x0002a16c                gecko_cmd_le_gap_set_privacy_mode
 .text          0x0002a19c      0x68c C:\Users\admin\SimplicityStudio\v4_workspace\soc-thunderboard-sense\protocol\bluetooth_2.6\lib\EFR32MG1P\GCC\bgapi.a(bgapi_gatt_lib.c.obj)
                0x0002a19c                lib_gatt_handler_init
                0x0002a1a0                lib_gatt_server_handler_init
                0x0002a1a2                gecko_cmd_gatt_set_max_mtu
                0x0002a1dc                gecko_cmd_gatt_discover_primary_services
                0x0002a208                gecko_cmd_gatt_discover_primary_services_by_uuid
                0x0002a240                gecko_cmd_gatt_find_included_services
                0x0002a274                gecko_cmd_gatt_discover_characteristics
                0x0002a2a8                gecko_cmd_gatt_discover_characteristics_by_uuid
                0x0002a2e4                gecko_cmd_gatt_read_characteristic_value
                0x0002a31c                gecko_cmd_gatt_read_characteristic_value_from_offset
                0x0002a358                gecko_cmd_gatt_read_characteristic_value_by_uuid
                0x0002a394                gecko_cmd_gatt_read_multiple_characteristic_values
                0x0002a3c8                gecko_cmd_gatt_write_characteristic_value
                0x0002a400                gecko_cmd_gatt_write_characteristic_value_without_response
                0x0002a440                gecko_cmd_gatt_prepare_characteristic_value_write
                0x0002a48c                gecko_cmd_gatt_execute_characteristic_value_write
                0x0002a4bc                gecko_cmd_gatt_set_characteristic_notification
                0x0002a4f0                gecko_cmd_gatt_discover_descriptors
                0x0002a524                gecko_cmd_gatt_read_descriptor_value
                0x0002a558                gecko_cmd_gatt_write_descriptor_value
                0x0002a590                gecko_cmd_gatt_server_read_attribute_value
                0x0002a5dc                gecko_cmd_gatt_server_read_attribute_type
                0x0002a620                gecko_cmd_gatt_server_find_attribute
                0x0002a65c                gecko_cmd_gatt_server_write_attribute_value
                0x0002a690                gecko_cmd_gatt_server_send_user_read_response
                0x0002a6d4                gecko_cmd_gatt_server_send_user_write_response
                0x0002a708                gecko_cmd_gatt_server_send_characteristic_notification
                0x0002a74c                gecko_cmd_gatt_send_characteristic_confirmation
                0x0002a778                gecko_cmd_gatt_server_set_database
                0x0002a7a8                gecko_cmd_gatt_server_set_capabilities
                0x0002a7dc                gecko_cmd_gatt_prepare_characteristic_value_reliable_write
 .text          0x0002a828      0x1d0 C:\Users\admin\SimplicityStudio\v4_workspace\soc-thunderboard-sense\protocol\bluetooth_2.6\lib\EFR32MG1P\GCC\bgapi.a(bgapi_ps.c.obj)
                0x0002a828                bgapi_ps_dump_listener
                0x0002a868                lib_flash_handler_init
                0x0002a87c                gecko_cmd_flash_ps_dump
                0x0002a90c                gecko_cmd_flash_ps_erase_all
                0x0002a93c                gecko_cmd_flash_ps_save
                0x0002a97c                gecko_cmd_flash_ps_load
                0x0002a9c4                gecko_cmd_flash_ps_erase
 .text          0x0002a9f8      0x3c4 C:\Users\admin\SimplicityStudio\v4_workspace\soc-thunderboard-sense\protocol\bluetooth_2.6\lib\EFR32MG1P\GCC\bgapi.a(bgapi_sm.c.obj)
                0x0002aabc                lib_sm_handler_init
                0x0002aad0                gecko_cmd_sm_list_all_bondings
                0x0002ab08                gecko_cmd_sm_increase_security
                0x0002ab34                gecko_cmd_sm_set_bondable_mode
                0x0002ab60                gecko_cmd_sm_delete_bonding
                0x0002ab90                gecko_cmd_sm_delete_bondings
                0x0002abc0                gecko_cmd_sm_configure
                0x0002abf4                gecko_cmd_sm_enter_passkey
                0x0002ac28                gecko_cmd_sm_set_passkey
                0x0002ac54                gecko_cmd_sm_passkey_confirm
                0x0002ac84                gecko_cmd_sm_set_oob_data
                0x0002acb4                gecko_cmd_sm_set_sc_remote_oob_data
                0x0002ace4                gecko_cmd_sm_use_sc_oob
                0x0002ad28                gecko_cmd_sm_store_bonding_configuration
                0x0002ad5c                gecko_cmd_sm_bonding_confirm
                0x0002ad8c                gecko_cmd_sm_set_debug_mode
 .text          0x0002adbc      0x208 C:\Users\admin\SimplicityStudio\v4_workspace\soc-thunderboard-sense\protocol\bluetooth_2.6\lib\EFR32MG1P\GCC\bgapi.a(bgapi_system.c.obj)
                0x0002adbc                bgapi_system_listener
                0x0002adec                lib_system_handler_init
                0x0002ae00                gecko_cmd_system_get_bt_address
                0x0002ae34                gecko_cmd_system_set_bt_address
                0x0002ae68                gecko_cmd_system_set_device_name
                0x0002aea4                gecko_cmd_system_get_random_data
                0x0002aeec                gecko_cmd_system_halt
                0x0002af20                gecko_cmd_system_set_tx_power
                0x0002af50                gecko_cmd_system_hello
                0x0002af78                gecko_cmd_system_reset
                0x0002af7e                gecko_send_system_awake
                0x0002af90                gecko_cmd_system_linklayer_configure
 .text          0x0002afc4       0x40 C:\Users\admin\SimplicityStudio\v4_workspace\soc-thunderboard-sense\protocol\bluetooth_2.6\lib\EFR32MG1P\GCC\bgapi.a(bgapi_endpoint.c.obj)
                0x0002afc4                lib_endpoint_handler_init
                0x0002afc6                gecko_cmd_endpoint_close
 .text          0x0002b004      0x13c C:\Users\admin\SimplicityStudio\v4_workspace\soc-thunderboard-sense\protocol\bluetooth_2.6\lib\EFR32MG1P\GCC\bgapi.a(bgapi_le_connection.c.obj)
                0x0002b004                lib_le_connection_handler_init
                0x0002b006                gecko_cmd_le_connection_set_parameters
                0x0002b050                gecko_cmd_le_connection_get_rssi
                0x0002b07c                gecko_cmd_le_connection_disable_slave_latency
                0x0002b0c0                gecko_cmd_le_connection_set_phy
                0x0002b0fc                bgapi_close_le_connection
                0x0002b112                gecko_cmd_le_connection_close
 .text          0x0002b140      0xdf4 C:\Users\admin\SimplicityStudio\v4_workspace\soc-thunderboard-sense\protocol\bluetooth_2.6\lib\EFR32MG1P\GCC\bgapi.a(gatt_client.c.obj)
                0x0002b3a0                gatt_discover_primary_services
                0x0002b3dc                gatt_discover_primary_services_by_uuid
                0x0002b432                gatt_find_included_services
                0x0002b484                gatt_find_included_services_handler
                0x0002b53c                gatt_discover_characteristics
                0x0002b560                gatt_discover_characteristics_by_uuid
                0x0002b59e                gatt_discover_descriptors
                0x0002b5da                gatt_read_characteristic_value
                0x0002b618                gatt_read_characteristic_value_by_uuid
                0x0002b650                gatt_read_multiple_characteristic_values
                0x0002b678                gatt_write_characteristic_value
                0x0002b6a4                gatt_write_characteristic_value_without_response
                0x0002b6ca                gatt_prepare_characteristic_value_write
                0x0002b73e                gatt_execute_characteristic_value_write
                0x0002b762                gatt_set_characteristic_notification
                0x0002b7a2                gatt_read_descriptor_value
                0x0002b7cc                gatt_write_descriptor_value
                0x0002b7f8                gatt_handle_exchange_mtu_rsp
                0x0002b814                gatt_handle_find_information_response
                0x0002b966                gatt_handle_find_by_type_value_response
                0x0002ba0e                gatt_handle_read_response
                0x0002bb70                gatt_handle_read_blob_response
                0x0002bbac                gatt_handle_read_multiple_response
                0x0002bbe8                gatt_handle_read_by_type_response
                0x0002bd30                gatt_handle_read_by_group_type_response
                0x0002bdd6                gatt_handle_write_response
                0x0002bdea                gatt_handle_prepare_write_response
                0x0002beaa                gatt_handle_execute_write_response
                0x0002bee6                gatt_client_handle_value_notification
                0x0002bef8                gatt_client_handle_value_indication
                0x0002bf0c                gatt_send_characteristic_confirmation
                0x0002bf2a                gatt_client_init
 .text          0x0002bf34      0x250 C:\Users\admin\SimplicityStudio\v4_workspace\soc-thunderboard-sense\protocol\bluetooth_2.6\lib\EFR32MG1P\GCC\bgapi.a(ubt_gatt_client.c.obj)
                0x0002bf34                ubt_gatt_discover_primary_services
                0x0002bf4a                ubt_gatt_discover_primary_services_by_uuid
                0x0002bf76                ubt_gatt_find_included_services
                0x0002bf90                ubt_gatt_discover_characteristics
                0x0002bfaa                ubt_gatt_discover_characteristics_by_uuid
                0x0002bfda                ubt_gatt_discover_descriptors
                0x0002bff4                ubt_gatt_read_characteristic_value
                0x0002c016                ubt_gatt_read_characteristic_value_by_uuid
                0x0002c046                ubt_gatt_read_multiple_characteristic_values
                0x0002c064                ubt_gatt_write_characteristic_value
                0x0002c086                ubt_gatt_write_characteristic_value_without_response
                0x0002c0c0                ubt_gatt_prepare_characteristic_value_write
                0x0002c0fa                ubt_gatt_execute_characteristic_value_write
                0x0002c114                ubt_gatt_send_characteristic_confirmation
                0x0002c12a                ubt_gatt_read_descriptor_value
                0x0002c144                ubt_gatt_write_descriptor_value
                0x0002c166                ubt_gatt_set_characteristic_notification
 .text          0x0002c184      0x4fe C:\Users\admin\SimplicityStudio\v4_workspace\soc-thunderboard-sense\protocol\bluetooth_2.6\lib\EFR32MG1P\GCC\bgapi.a(att_client.c.obj)
                0x0002c184                att_send_find_information_request
                0x0002c1aa                att_send_find_by_type_value_request
                0x0002c1dc                att_send_read_by_type_request
                0x0002c208                att_send_read_request
                0x0002c228                att_send_read_blob_request
                0x0002c24e                att_send_read_multiple_request
                0x0002c27c                att_send_read_by_group_type_request
                0x0002c2a8                att_send_write_request
                0x0002c2d8                att_send_write_command
                0x0002c308                att_send_signed_write_command
                0x0002c342                att_send_prepare_write_request
                0x0002c3ba                att_send_execute_write_request
                0x0002c3d8                att_send_handle_value_confirmation
                0x0002c3f0                validate_gatt_client_pdu_len
                0x0002c49c                att_gatt_client_handler
 *fill*         0x0002c682        0x2 
 .text.asinf    0x0002c684       0xbc c:/siliconlabs/simplicitystudio/v4/developer/toolchains/gnu_arm/4.9_2015q3/bin/../lib/gcc/arm-none-eabi/4.9.3/../../../../arm-none-eabi/lib/armv7e-m/fpu\libm.a(lib_a-wf_asin.o)
                0x0002c684                asinf
 .text.atan2f   0x0002c740        0x4 c:/siliconlabs/simplicitystudio/v4/developer/toolchains/gnu_arm/4.9_2015q3/bin/../lib/gcc/arm-none-eabi/4.9.3/../../../../arm-none-eabi/lib/armv7e-m/fpu\libm.a(lib_a-wf_atan2.o)
                0x0002c740                atan2f
 .text.log10f   0x0002c744      0x100 c:/siliconlabs/simplicitystudio/v4/developer/toolchains/gnu_arm/4.9_2015q3/bin/../lib/gcc/arm-none-eabi/4.9.3/../../../../arm-none-eabi/lib/armv7e-m/fpu\libm.a(lib_a-wf_log10.o)
                0x0002c744                log10f
 .text.__ieee754_asinf
                0x0002c844      0x1f8 c:/siliconlabs/simplicitystudio/v4/developer/toolchains/gnu_arm/4.9_2015q3/bin/../lib/gcc/arm-none-eabi/4.9.3/../../../../arm-none-eabi/lib/armv7e-m/fpu\libm.a(lib_a-ef_asin.o)
                0x0002c844                __ieee754_asinf
 .text.__ieee754_atan2f
                0x0002ca3c      0x16c c:/siliconlabs/simplicitystudio/v4/developer/toolchains/gnu_arm/4.9_2015q3/bin/../lib/gcc/arm-none-eabi/4.9.3/../../../../arm-none-eabi/lib/armv7e-m/fpu\libm.a(lib_a-ef_atan2.o)
                0x0002ca3c                __ieee754_atan2f
 .text.__ieee754_log10f
                0x0002cba8       0xe0 c:/siliconlabs/simplicitystudio/v4/developer/toolchains/gnu_arm/4.9_2015q3/bin/../lib/gcc/arm-none-eabi/4.9.3/../../../../arm-none-eabi/lib/armv7e-m/fpu\libm.a(lib_a-ef_log10.o)
                0x0002cba8                __ieee754_log10f
 .text.__ieee754_sqrtf
                0x0002cc88       0xa4 c:/siliconlabs/simplicitystudio/v4/developer/toolchains/gnu_arm/4.9_2015q3/bin/../lib/gcc/arm-none-eabi/4.9.3/../../../../arm-none-eabi/lib/armv7e-m/fpu\libm.a(lib_a-ef_sqrt.o)
                0x0002cc88                __ieee754_sqrtf
 .text.matherr  0x0002cd2c        0x4 c:/siliconlabs/simplicitystudio/v4/developer/toolchains/gnu_arm/4.9_2015q3/bin/../lib/gcc/arm-none-eabi/4.9.3/../../../../arm-none-eabi/lib/armv7e-m/fpu\libm.a(lib_a-s_matherr.o)
                0x0002cd2c                matherr
 .text.nan      0x0002cd30       0x10 c:/siliconlabs/simplicitystudio/v4/developer/toolchains/gnu_arm/4.9_2015q3/bin/../lib/gcc/arm-none-eabi/4.9.3/../../../../arm-none-eabi/lib/armv7e-m/fpu\libm.a(lib_a-s_nan.o)
                0x0002cd30                nan
 .text.atanf    0x0002cd40      0x1b8 c:/siliconlabs/simplicitystudio/v4/developer/toolchains/gnu_arm/4.9_2015q3/bin/../lib/gcc/arm-none-eabi/4.9.3/../../../../arm-none-eabi/lib/armv7e-m/fpu\libm.a(lib_a-sf_atan.o)
                0x0002cd40                atanf
 .text.fabsf    0x0002cef8       0x10 c:/siliconlabs/simplicitystudio/v4/developer/toolchains/gnu_arm/4.9_2015q3/bin/../lib/gcc/arm-none-eabi/4.9.3/../../../../arm-none-eabi/lib/armv7e-m/fpu\libm.a(lib_a-sf_fabs.o)
                0x0002cef8                fabsf
 .text.__fpclassifyf
                0x0002cf08       0x38 c:/siliconlabs/simplicitystudio/v4/developer/toolchains/gnu_arm/4.9_2015q3/bin/../lib/gcc/arm-none-eabi/4.9.3/../../../../arm-none-eabi/lib/armv7e-m/fpu\libm.a(lib_a-sf_fpclassify.o)
                0x0002cf08                __fpclassifyf
 .text.__ieee754_logf
                0x0002cf40      0x218 c:/siliconlabs/simplicitystudio/v4/developer/toolchains/gnu_arm/4.9_2015q3/bin/../lib/gcc/arm-none-eabi/4.9.3/../../../../arm-none-eabi/lib/armv7e-m/fpu\libm.a(lib_a-ef_log.o)
                0x0002cf40                __ieee754_logf
 .text          0x0002d158      0x370 c:/siliconlabs/simplicitystudio/v4/developer/toolchains/gnu_arm/4.9_2015q3/bin/../lib/gcc/arm-none-eabi/4.9.3/armv7e-m/fpu\libgcc.a(_arm_addsubdf3.o)
                0x0002d158                __aeabi_drsub
                0x0002d160                __aeabi_dsub
                0x0002d160                __subdf3
                0x0002d164                __aeabi_dadd
                0x0002d164                __adddf3
                0x0002d3dc                __floatunsidf
                0x0002d3dc                __aeabi_ui2d
                0x0002d3fc                __floatsidf
                0x0002d3fc                __aeabi_i2d
                0x0002d420                __aeabi_f2d
                0x0002d420                __extendsfdf2
                0x0002d45c                __floatundidf
                0x0002d45c                __aeabi_ul2d
                0x0002d46c                __floatdidf
                0x0002d46c                __aeabi_l2d
 .text          0x0002d4c8      0x424 c:/siliconlabs/simplicitystudio/v4/developer/toolchains/gnu_arm/4.9_2015q3/bin/../lib/gcc/arm-none-eabi/4.9.3/armv7e-m/fpu\libgcc.a(_arm_muldivdf3.o)
                0x0002d4c8                __aeabi_dmul
                0x0002d4c8                __muldf3
                0x0002d71c                __divdf3
                0x0002d71c                __aeabi_ddiv
 .text          0x0002d8ec      0x110 c:/siliconlabs/simplicitystudio/v4/developer/toolchains/gnu_arm/4.9_2015q3/bin/../lib/gcc/arm-none-eabi/4.9.3/armv7e-m/fpu\libgcc.a(_arm_cmpdf2.o)
                0x0002d8ec                __gtdf2
                0x0002d8ec                __gedf2
                0x0002d8f4                __ltdf2
                0x0002d8f4                __ledf2
                0x0002d8fc                __nedf2
                0x0002d8fc                __eqdf2
                0x0002d8fc                __cmpdf2
                0x0002d978                __aeabi_cdrcmple
                0x0002d988                __aeabi_cdcmpeq
                0x0002d988                __aeabi_cdcmple
                0x0002d998                __aeabi_dcmpeq
                0x0002d9ac                __aeabi_dcmplt
                0x0002d9c0                __aeabi_dcmple
                0x0002d9d4                __aeabi_dcmpge
                0x0002d9e8                __aeabi_dcmpgt
 .text          0x0002d9fc       0x50 c:/siliconlabs/simplicitystudio/v4/developer/toolchains/gnu_arm/4.9_2015q3/bin/../lib/gcc/arm-none-eabi/4.9.3/armv7e-m/fpu\libgcc.a(_arm_fixdfsi.o)
                0x0002d9fc                __aeabi_d2iz
                0x0002d9fc                __fixdfsi
 .text          0x0002da4c       0xa0 c:/siliconlabs/simplicitystudio/v4/developer/toolchains/gnu_arm/4.9_2015q3/bin/../lib/gcc/arm-none-eabi/4.9.3/armv7e-m/fpu\libgcc.a(_arm_truncdfsf2.o)
                0x0002da4c                __truncdfsf2
                0x0002da4c                __aeabi_d2f
 .text          0x0002daec       0x38 c:/siliconlabs/simplicitystudio/v4/developer/toolchains/gnu_arm/4.9_2015q3/bin/../lib/gcc/arm-none-eabi/4.9.3/armv7e-m/fpu\libgcc.a(_aeabi_ldivmod.o)
                0x0002daec                __aeabi_ldivmod
 .text          0x0002db24       0x30 c:/siliconlabs/simplicitystudio/v4/developer/toolchains/gnu_arm/4.9_2015q3/bin/../lib/gcc/arm-none-eabi/4.9.3/armv7e-m/fpu\libgcc.a(_aeabi_uldivmod.o)
                0x0002db24                __aeabi_uldivmod
 .text          0x0002db54       0x60 c:/siliconlabs/simplicitystudio/v4/developer/toolchains/gnu_arm/4.9_2015q3/bin/../lib/gcc/arm-none-eabi/4.9.3/armv7e-m/fpu\libgcc.a(bpabi.o)
                0x0002db54                __gnu_ldivmod_helper
                0x0002db84                __gnu_uldivmod_helper
 .text          0x0002dbb4        0x4 c:/siliconlabs/simplicitystudio/v4/developer/toolchains/gnu_arm/4.9_2015q3/bin/../lib/gcc/arm-none-eabi/4.9.3/armv7e-m/fpu\libgcc.a(_dvmd_tls.o)
                0x0002dbb4                __aeabi_idiv0
                0x0002dbb4                __aeabi_ldiv0
 .text          0x0002dbb8      0x29c c:/siliconlabs/simplicitystudio/v4/developer/toolchains/gnu_arm/4.9_2015q3/bin/../lib/gcc/arm-none-eabi/4.9.3/armv7e-m/fpu\libgcc.a(_divdi3.o)
                0x0002dbb8                __divdi3
 .text          0x0002de54      0x26c c:/siliconlabs/simplicitystudio/v4/developer/toolchains/gnu_arm/4.9_2015q3/bin/../lib/gcc/arm-none-eabi/4.9.3/armv7e-m/fpu\libgcc.a(_udivdi3.o)
                0x0002de54                __udivdi3
 .text.__errno  0x0002e0c0        0xc c:/siliconlabs/simplicitystudio/v4/developer/toolchains/gnu_arm/4.9_2015q3/bin/../lib/gcc/arm-none-eabi/4.9.3/../../../../arm-none-eabi/lib/armv7e-m/fpu\libc.a(lib_a-errno.o)
                0x0002e0c0                __errno
 .text.exit     0x0002e0cc       0x20 c:/siliconlabs/simplicitystudio/v4/developer/toolchains/gnu_arm/4.9_2015q3/bin/../lib/gcc/arm-none-eabi/4.9.3/../../../../arm-none-eabi/lib/armv7e-m/fpu\libc.a(lib_a-exit.o)
                0x0002e0cc                exit
 .text.__libc_init_array
                0x0002e0ec       0x50 c:/siliconlabs/simplicitystudio/v4/developer/toolchains/gnu_arm/4.9_2015q3/bin/../lib/gcc/arm-none-eabi/4.9.3/../../../../arm-none-eabi/lib/armv7e-m/fpu\libc.a(lib_a-init.o)
                0x0002e0ec                __libc_init_array
 .text          0x0002e13c      0x134 c:/siliconlabs/simplicitystudio/v4/developer/toolchains/gnu_arm/4.9_2015q3/bin/../lib/gcc/arm-none-eabi/4.9.3/../../../../arm-none-eabi/lib/armv7e-m/fpu\libc.a(lib_a-memcpy.o)
                0x0002e13c                memcpy
 .text.memset   0x0002e270       0x9c c:/siliconlabs/simplicitystudio/v4/developer/toolchains/gnu_arm/4.9_2015q3/bin/../lib/gcc/arm-none-eabi/4.9.3/../../../../arm-none-eabi/lib/armv7e-m/fpu\libc.a(lib_a-memset.o)
                0x0002e270                memset
 .text.printf   0x0002e30c       0x28 c:/siliconlabs/simplicitystudio/v4/developer/toolchains/gnu_arm/4.9_2015q3/bin/../lib/gcc/arm-none-eabi/4.9.3/../../../../arm-none-eabi/lib/armv7e-m/fpu\libc.a(lib_a-printf.o)
                0x0002e30c                printf
 .text._puts_r  0x0002e334       0x64 c:/siliconlabs/simplicitystudio/v4/developer/toolchains/gnu_arm/4.9_2015q3/bin/../lib/gcc/arm-none-eabi/4.9.3/../../../../arm-none-eabi/lib/armv7e-m/fpu\libc.a(lib_a-puts.o)
                0x0002e334                _puts_r
 .text.puts     0x0002e398       0x10 c:/siliconlabs/simplicitystudio/v4/developer/toolchains/gnu_arm/4.9_2015q3/bin/../lib/gcc/arm-none-eabi/4.9.3/../../../../arm-none-eabi/lib/armv7e-m/fpu\libc.a(lib_a-puts.o)
                0x0002e398                puts
 .text.setvbuf  0x0002e3a8       0xf8 c:/siliconlabs/simplicitystudio/v4/developer/toolchains/gnu_arm/4.9_2015q3/bin/../lib/gcc/arm-none-eabi/4.9.3/../../../../arm-none-eabi/lib/armv7e-m/fpu\libc.a(lib_a-setvbuf.o)
                0x0002e3a8                setvbuf
 .text.snprintf
                0x0002e4a0       0x9c c:/siliconlabs/simplicitystudio/v4/developer/toolchains/gnu_arm/4.9_2015q3/bin/../lib/gcc/arm-none-eabi/4.9.3/../../../../arm-none-eabi/lib/armv7e-m/fpu\libc.a(lib_a-snprintf.o)
                0x0002e4a0                snprintf
 .text.sprintf  0x0002e53c       0x4c c:/siliconlabs/simplicitystudio/v4/developer/toolchains/gnu_arm/4.9_2015q3/bin/../lib/gcc/arm-none-eabi/4.9.3/../../../../arm-none-eabi/lib/armv7e-m/fpu\libc.a(lib_a-sprintf.o)
                0x0002e53c                sprintf
 .text.strlen   0x0002e588       0x5c c:/siliconlabs/simplicitystudio/v4/developer/toolchains/gnu_arm/4.9_2015q3/bin/../lib/gcc/arm-none-eabi/4.9.3/../../../../arm-none-eabi/lib/armv7e-m/fpu\libc.a(lib_a-strlen.o)
                0x0002e588                strlen
 .text.strncpy  0x0002e5e4       0x68 c:/siliconlabs/simplicitystudio/v4/developer/toolchains/gnu_arm/4.9_2015q3/bin/../lib/gcc/arm-none-eabi/4.9.3/../../../../arm-none-eabi/lib/armv7e-m/fpu\libc.a(lib_a-strncpy.o)
                0x0002e5e4                strncpy
 *fill*         0x0002e64c        0x4 
 .text._svfprintf_r
                0x0002e650     0x14cc c:/siliconlabs/simplicitystudio/v4/developer/toolchains/gnu_arm/4.9_2015q3/bin/../lib/gcc/arm-none-eabi/4.9.3/../../../../arm-none-eabi/lib/armv7e-m/fpu\libc.a(lib_a-svfprintf.o)
                0x0002e650                _svfprintf_r
 *fill*         0x0002fb1c        0x4 
 .text._vfprintf_r
                0x0002fb20     0x1424 c:/siliconlabs/simplicitystudio/v4/developer/toolchains/gnu_arm/4.9_2015q3/bin/../lib/gcc/arm-none-eabi/4.9.3/../../../../arm-none-eabi/lib/armv7e-m/fpu\libc.a(lib_a-vfprintf.o)
                0x0002fb20                _vfprintf_r
 .text.__sbprintf
                0x00030f44       0x78 c:/siliconlabs/simplicitystudio/v4/developer/toolchains/gnu_arm/4.9_2015q3/bin/../lib/gcc/arm-none-eabi/4.9.3/../../../../arm-none-eabi/lib/armv7e-m/fpu\libc.a(lib_a-vfprintf.o)
 .text.__swsetup_r
                0x00030fbc       0xc4 c:/siliconlabs/simplicitystudio/v4/developer/toolchains/gnu_arm/4.9_2015q3/bin/../lib/gcc/arm-none-eabi/4.9.3/../../../../arm-none-eabi/lib/armv7e-m/fpu\libc.a(lib_a-wsetup.o)
                0x00030fbc                __swsetup_r
 .text.startup.register_fini
                0x00031080       0x14 c:/siliconlabs/simplicitystudio/v4/developer/toolchains/gnu_arm/4.9_2015q3/bin/../lib/gcc/arm-none-eabi/4.9.3/../../../../arm-none-eabi/lib/armv7e-m/fpu\libc.a(lib_a-__call_atexit.o)
 .text.__call_exitprocs
                0x00031094       0xd4 c:/siliconlabs/simplicitystudio/v4/developer/toolchains/gnu_arm/4.9_2015q3/bin/../lib/gcc/arm-none-eabi/4.9.3/../../../../arm-none-eabi/lib/armv7e-m/fpu\libc.a(lib_a-__call_atexit.o)
                0x00031094                __call_exitprocs
 .text.atexit   0x00031168        0xc c:/siliconlabs/simplicitystudio/v4/developer/toolchains/gnu_arm/4.9_2015q3/bin/../lib/gcc/arm-none-eabi/4.9.3/../../../../arm-none-eabi/lib/armv7e-m/fpu\libc.a(lib_a-atexit.o)
                0x00031168                atexit
 .text.quorem   0x00031174      0x12c c:/siliconlabs/simplicitystudio/v4/developer/toolchains/gnu_arm/4.9_2015q3/bin/../lib/gcc/arm-none-eabi/4.9.3/../../../../arm-none-eabi/lib/armv7e-m/fpu\libc.a(lib_a-dtoa.o)
 .text._dtoa_r  0x000312a0      0xea4 c:/siliconlabs/simplicitystudio/v4/developer/toolchains/gnu_arm/4.9_2015q3/bin/../lib/gcc/arm-none-eabi/4.9.3/../../../../arm-none-eabi/lib/armv7e-m/fpu\libc.a(lib_a-dtoa.o)
                0x000312a0                _dtoa_r
 .text.__sflush_r
                0x00032144      0x154 c:/siliconlabs/simplicitystudio/v4/developer/toolchains/gnu_arm/4.9_2015q3/bin/../lib/gcc/arm-none-eabi/4.9.3/../../../../arm-none-eabi/lib/armv7e-m/fpu\libc.a(lib_a-fflush.o)
                0x00032144                __sflush_r
 .text._fflush_r
                0x00032298       0x2c c:/siliconlabs/simplicitystudio/v4/developer/toolchains/gnu_arm/4.9_2015q3/bin/../lib/gcc/arm-none-eabi/4.9.3/../../../../arm-none-eabi/lib/armv7e-m/fpu\libc.a(lib_a-fflush.o)
                0x00032298                _fflush_r
 .text._cleanup_r